[14:43:23] [main/INFO]: ModLauncher running: args [--username, Midnight_Pigeon, --version, WizardryCraft, --gameDir, E:\MC_Projects\MC_Magic\.minecraft\versions\WizardryCraft, --assetsDir, E:\MC_Projects\MC_Magic\.minecraft\assets, --assetIndex, 17, --uuid, dd0759f163ce32d6a39f055226e2ef5d, --accessToken, ❄❄❄❄❄❄❄❄, --clientId, ${clientid}, --xuid, ${auth_xuid}, --userType, msa, --versionType, HMCL 3.16.4, --width, 1280, --height, 720, --fml.neoForgeVersion, 21.1.251, --fml.fmlVersion, 4.0.44, --fml.mcVersion, 1.21.1, --fml.neoFormVersion, 20240808.144430, --launchTarget, forgeclient]
[14:43:23] [main/INFO]: JVM identified as Eclipse Adoptium OpenJDK 64-Bit Server VM 21.0.9+10-LTS
[14:43:23] [main/INFO]: ModLauncher 11.0.5+main.901c6ea8 starting: java version 21.0.9 by Eclipse Adoptium; OS Windows 11 arch amd64 version 10.0
[14:43:23] [main/INFO]: Searching for graphics cards...
[14:43:23] [main/INFO]: Found graphics adapter: AdapterInfo{vendor=AMD, description='AMD Radeon(TM) Graphics', adapterType=0x0000232B, openglIcdFilePath='C:\WINDOWS\System32\DriverStore\FileRepository\u0418637.inf_amd64_4462a7afa694670e\B418564\atig6pxx.dll', openglIcdVersion=32.0.21025.10016}
[14:43:23] [main/WARN]: Sodium has applied one or more workarounds to prevent crashes or other issues on your system: [AMD_GAME_OPTIMIZATION_BROKEN]
[14:43:23] [main/WARN]: This is not necessarily an issue, but it may result in certain features or optimizations being disabled. You can sometimes fix these issues by upgrading your graphics driver.
[14:43:23] [main/INFO]: Modifying process environment to apply workarounds for the AMD graphics driver...
[14:43:23] [main/INFO]: Loading ImmediateWindowProvider fmlearlywindow
[14:43:23] [main/INFO]: Trying GL version 4.6
[14:43:24] [main/INFO]: Requested GL version 4.6 got version 4.6
[14:43:24] [main/INFO]: SpongePowered MIXIN Subsystem Version=0.8.7 Source=union:/E:/MC_Projects/MC_Magic/.minecraft/libraries/net/fabricmc/sponge-mixin/0.15.2+mixin.0.8.7/sponge-mixin-0.15.2+mixin.0.8.7.jar%23121!/ Service=ModLauncher Env=CLIENT
[14:43:25] [pool-2-thread-1/INFO]: GL info: AMD Radeon(TM) Graphics GL version 4.6.0 Core Profile Context 25.9.1.250822, ATI Technologies Inc.
[14:43:25] [main/INFO]: Found mod file "client-1.21.1-20240808.144430-srg.jar" [locator: production client provider +net.neoforged:neoforge:21.1.251:client]
[14:43:25] [main/INFO]: Found mod file "neoforge-21.1.251-universal.jar" [locator: PathBasedLocator[name=neoforge, paths=[E:\MC_Projects\MC_Magic\.minecraft\libraries\net\neoforged\neoforge\21.1.251\neoforge-21.1.251-universal.jar]], reader: mod manifest]
[14:43:25] [main/INFO]: Found mod file "net.caffeinemc.sodium-neoforge-0.8.13+mc1.21.1-mod.jar" [locator: net.caffeinemc.mods.sodium.service.SodiumServiceModLocator@130a0f66, reader: mod manifest]
[14:43:25] [main/INFO]: Found mod file "fabric-rendering-data-attachment-v1-0.3.48+73761d2e19.jar" [locator: net.caffeinemc.mods.sodium.service.SodiumServiceModLocator@130a0f66, reader: mod manifest]
[14:43:25] [main/INFO]: Found mod file "fabric-renderer-api-v1-3.4.1+9125b6dc19.jar" [locator: net.caffeinemc.mods.sodium.service.SodiumServiceModLocator@130a0f66, reader: mod manifest]
[14:43:25] [main/INFO]: Found mod file "fabric-block-view-api-v2-1.0.10+9afaaf8c19.jar" [locator: net.caffeinemc.mods.sodium.service.SodiumServiceModLocator@130a0f66, reader: mod manifest]
[14:43:25] [main/INFO]: Found mod file "fabric-api-base-0.4.42+d1308ded19.jar" [locator: net.caffeinemc.mods.sodium.service.SodiumServiceModLocator@130a0f66, reader: mod manifest]
[14:43:25] [main/INFO]: Found mod file "AdvancedCoreInfo-neoforge-1.21.1-1.2.0.jar" [locator: {mods folder locator at E:\MC_Projects\MC_Magic\.minecraft\versions\WizardryCraft\mods}, reader: mod manifest]
[14:43:25] [main/INFO]: Found mod file "AdvancedLootInfo-neoforge-1.21.1-2.2.0.jar" [locator: {mods folder locator at E:\MC_Projects\MC_Magic\.minecraft\versions\WizardryCraft\mods}, reader: mod manifest]
[14:43:25] [main/INFO]: Found mod file "appleskin-neoforge-mc1.21-3.0.9.jar" [locator: {mods folder locator at E:\MC_Projects\MC_Magic\.minecraft\versions\WizardryCraft\mods}, reader: mod manifest]
[14:43:25] [main/INFO]: Found mod file "architectury-13.0.11-neoforge.jar" [locator: {mods folder locator at E:\MC_Projects\MC_Magic\.minecraft\versions\WizardryCraft\mods}, reader: mod manifest]
[14:43:25] [main/INFO]: Found mod file "balm-neoforge-1.21.1-21.0.65.jar" [locator: {mods folder locator at E:\MC_Projects\MC_Magic\.minecraft\versions\WizardryCraft\mods}, reader: mod manifest]
[14:43:25] [main/INFO]: Found mod file "brnquest-mc1.21.1-1.0.2-test.3.jar" [locator: {mods folder locator at E:\MC_Projects\MC_Magic\.minecraft\versions\WizardryCraft\mods}, reader: mod manifest]
[14:43:25] [main/INFO]: Found mod file "cloth-config-15.0.140-neoforge.jar" [locator: {mods folder locator at E:\MC_Projects\MC_Magic\.minecraft\versions\WizardryCraft\mods}, reader: mod manifest]
[14:43:25] [main/INFO]: Found mod file "create-1.21.1-6.0.10.jar" [locator: {mods folder locator at E:\MC_Projects\MC_Magic\.minecraft\versions\WizardryCraft\mods}, reader: mod manifest]
[14:43:25] [main/INFO]: Found mod file "create-aeronautics-bundled-1.21.1-1.3.2.jar" [locator: {mods folder locator at E:\MC_Projects\MC_Magic\.minecraft\versions\WizardryCraft\mods}, reader: mod manifest]
[14:43:25] [main/INFO]: Found mod file "curios-neoforge-9.5.1+1.21.1.jar" [locator: {mods folder locator at E:\MC_Projects\MC_Magic\.minecraft\versions\WizardryCraft\mods}, reader: mod manifest]
[14:43:25] [main/INFO]: Found mod file "ExplorersCompass-1.21.1-3.4.0-neoforge.jar" [locator: {mods folder locator at E:\MC_Projects\MC_Magic\.minecraft\versions\WizardryCraft\mods}, reader: mod manifest]
[14:43:25] [main/INFO]: Found mod file "Jade-1.21.1-NeoForge-15.10.6.jar" [locator: {mods folder locator at E:\MC_Projects\MC_Magic\.minecraft\versions\WizardryCraft\mods}, reader: mod manifest]
[14:43:25] [main/INFO]: Found mod file "JadeAddons-1.21.1-NeoForge-6.1.1.jar" [locator: {mods folder locator at E:\MC_Projects\MC_Magic\.minecraft\versions\WizardryCraft\mods}, reader: mod manifest]
[14:43:25] [main/INFO]: Found mod file "jei-1.21.1-neoforge-19.56.0.441.jar" [locator: {mods folder locator at E:\MC_Projects\MC_Magic\.minecraft\versions\WizardryCraft\mods}, reader: mod manifest]
[14:43:25] [main/INFO]: Found mod file "kubejs-create-neoforge-2101.3.1-build.18.jar" [locator: {mods folder locator at E:\MC_Projects\MC_Magic\.minecraft\versions\WizardryCraft\mods}, reader: mod manifest]
[14:43:25] [main/INFO]: Found mod file "kubejs-neoforge-2101.7.2-build.377.jar" [locator: {mods folder locator at E:\MC_Projects\MC_Magic\.minecraft\versions\WizardryCraft\mods}, reader: mod manifest]
[14:43:25] [main/INFO]: Found mod file "kubejsadditions-neoforge-1.21.1-6.0.0.jar" [locator: {mods folder locator at E:\MC_Projects\MC_Magic\.minecraft\versions\WizardryCraft\mods}, reader: mod manifest]
[14:43:25] [main/INFO]: Found mod file "lodestone-1.21.1-1.8.2.jar" [locator: {mods folder locator at E:\MC_Projects\MC_Magic\.minecraft\versions\WizardryCraft\mods}, reader: mod manifest]
[14:43:25] [main/INFO]: Found mod file "lootjs-neoforge-1.21.1-3.7.0.jar" [locator: {mods folder locator at E:\MC_Projects\MC_Magic\.minecraft\versions\WizardryCraft\mods}, reader: mod manifest]
[14:43:25] [main/INFO]: Found mod file "NaturesCompass-1.21.1-3.4.0-neoforge.jar" [locator: {mods folder locator at E:\MC_Projects\MC_Magic\.minecraft\versions\WizardryCraft\mods}, reader: mod manifest]
[14:43:25] [main/INFO]: Found mod file "omnira-0.5.0.jar" [locator: {mods folder locator at E:\MC_Projects\MC_Magic\.minecraft\versions\WizardryCraft\mods}, reader: mod manifest]
[14:43:25] [main/INFO]: Found mod file "Opticores-1.1.0+1.21.1.jar" [locator: {mods folder locator at E:\MC_Projects\MC_Magic\.minecraft\versions\WizardryCraft\mods}, reader: mod manifest]
[14:43:25] [main/INFO]: Found mod file "rhino-2101.2.8-build.91.jar" [locator: {mods folder locator at E:\MC_Projects\MC_Magic\.minecraft\versions\WizardryCraft\mods}, reader: mod manifest]
[14:43:25] [main/INFO]: Found mod file "sable-neoforge-1.21.1-2.0.5.jar" [locator: {mods folder locator at E:\MC_Projects\MC_Magic\.minecraft\versions\WizardryCraft\mods}, reader: mod manifest]
[14:43:25] [main/INFO]: Found mod file "sablexaeromaps-1.21.1-1.4.0.jar" [locator: {mods folder locator at E:\MC_Projects\MC_Magic\.minecraft\versions\WizardryCraft\mods}, reader: mod manifest]
[14:43:25] [main/INFO]: Found mod file "xaerominimap-neoforge-1.21.1-26.5.0.jar" [locator: {mods folder locator at E:\MC_Projects\MC_Magic\.minecraft\versions\WizardryCraft\mods}, reader: mod manifest]
[14:43:25] [main/INFO]: Found mod file "xaeroworldmap-neoforge-1.21.1-1.46.0.jar" [locator: {mods folder locator at E:\MC_Projects\MC_Magic\.minecraft\versions\WizardryCraft\mods}, reader: mod manifest]
[14:43:27] [main/INFO]: Found 20 dependencies adding them to mods collection
[14:43:27] [main/INFO]: Found gamelibrary file "mixinextras-neoforge-0.5.3.jar" [parent: neoforge-21.1.251-universal.jar, locator: jarinjar, reader: mod manifest]
[14:43:27] [main/INFO]: Found mod file "kuma-api-neoforge-21.0.8+1.21.jar" [parent: balm-neoforge-1.21.1-21.0.65.jar, locator: jarinjar, reader: mod manifest]
[14:43:27] [main/INFO]: Found mod file "veil-neoforge-1.21.1-4.3.2.jar" [parent: sable-neoforge-1.21.1-2.0.5.jar, locator: jarinjar, reader: mod manifest]
[14:43:27] [main/INFO]: Found mod file "dev.simulated_team.simulated.simulated-neoforge-1.21.1-1.3.2.jar" [parent: create-aeronautics-bundled-1.21.1-1.3.2.jar, locator: jarinjar, reader: mod manifest]
[14:43:27] [main/INFO]: Found gamelibrary file "dev.ryanhcode.sable.sable-sable_rapier-1.21.1-2.0.5.jar" [parent: sable-neoforge-1.21.1-2.0.5.jar, locator: jarinjar, reader: mod manifest]
[14:43:27] [main/INFO]: Found library file "commonmark-0.30.0.jar" [parent: brnquest-mc1.21.1-1.0.2-test.3.jar, locator: jarinjar]
[14:43:27] [main/INFO]: Found mod file "better-advanced-tooltips-2101.1.0-build.1.jar" [parent: kubejs-neoforge-2101.7.2-build.377.jar, locator: jarinjar, reader: mod manifest]
[14:43:27] [main/INFO]: Found library file "glsl-processor-0.2.3.jar" [parent: veil-neoforge-1.21.1-4.3.2.jar, locator: jarinjar]
[14:43:27] [main/INFO]: Found mod file "ponder-neoforge-1.0.82+mc1.21.1.jar" [parent: create-1.21.1-6.0.10.jar, locator: jarinjar, reader: mod manifest]
[14:43:27] [main/INFO]: Found library file "net.neoforged.neoforge-coremods-21.1.251.jar" [parent: neoforge-21.1.251-universal.jar, locator: jarinjar, reader: mod manifest]
[14:43:27] [main/INFO]: Found mod file "dev.eriksonn.aeronautics.aeronautics-neoforge-1.21.1-1.3.2.jar" [parent: create-aeronautics-bundled-1.21.1-1.3.2.jar, locator: jarinjar, reader: mod manifest]
[14:43:27] [main/INFO]: Found library file "molang-compiler-3.1.1.19.jar" [parent: veil-neoforge-1.21.1-4.3.2.jar, locator: jarinjar]
[14:43:27] [main/INFO]: Found mod file "xaerolib-neoforge-1.21.1-1.7.3.jar" [parent: xaerominimap-neoforge-1.21.1-26.5.0.jar, locator: jarinjar, reader: mod manifest]
[14:43:27] [main/INFO]: Found library file "animated-gif-lib-for-java-animated-gif-lib-1.7.jar" [parent: kubejs-neoforge-2101.7.2-build.377.jar, locator: jarinjar]
[14:43:27] [main/INFO]: Found gamelibrary file "Registrate-MC1.21-1.3.0+67.jar" [parent: create-1.21.1-6.0.10.jar, locator: jarinjar, reader: mod manifest]
[14:43:27] [main/INFO]: Found mod file "sable-companion-common-1.21.1-1.6.0.jar" [parent: sable-neoforge-1.21.1-2.0.5.jar, locator: jarinjar, reader: mod manifest]
[14:43:27] [main/INFO]: Found mod file "flywheel-neoforge-1.21.1-1.0.6.jar" [parent: create-1.21.1-6.0.10.jar, locator: jarinjar, reader: mod manifest]
[14:43:27] [main/INFO]: Found library file "tiny-java-server-1.0.0-build.33.jar" [parent: kubejs-neoforge-2101.7.2-build.377.jar, locator: jarinjar]
[14:43:27] [main/INFO]: Found mod file "dev.ryanhcode.offroad.offroad-neoforge-1.21.1-1.3.2.jar" [parent: create-aeronautics-bundled-1.21.1-1.3.2.jar, locator: jarinjar, reader: mod manifest]
[14:43:27] [main/INFO]: Found mod file "mezz_config-1.21.1-neoforge-0.5.6.jar" [parent: jei-1.21.1-neoforge-19.56.0.441.jar, locator: jarinjar, reader: mod manifest]
[14:43:27] [main/INFO]: 
     Mod List:
		Name Version (Mod Id)

		AdvancedCoreInfo 1.2.0 (aci)
		AdvancedLootInfo 2.2.0 (ali)
		AppleSkin 3.0.9+mc1.21 (appleskin)
		Architectury 13.0.11 (architectury)
		Balm 21.0.65 (balm)
		Better Advanced Tooltips 2101.1.0-build.1 (betteradvancedtooltips)
		BRNQuest 1.0.2-test.3 (brnquest)
		Cloth Config v15 API 15.0.140 (cloth_config)
		Create 6.0.10 (create)
		Create Aeronautics 1.3.2 (aeronautics)
		Create Aeronautics 1.3.2 (aeronautics_bundled)
		Create Offroad 1.3.2 (offroad)
		Create Simulated 1.3.2 (simulated)
		Curios API 9.5.1+1.21.1 (curios)
		Explorer's Compass 1.21.1-3.4.0-neoforge (explorerscompass)
		Flywheel 1.0.6 (flywheel)
		Forgified Fabric API Base 0.4.42+d1308ded19 (fabric_api_base)
		Forgified Fabric BlockView API (v2) 1.0.10+9afaaf8c19 (fabric_block_view_api_v2)
		Forgified Fabric Renderer API (v1) 3.4.1+9125b6dc19 (fabric_renderer_api_v1)
		Forgified Fabric Rendering Data Attachment (v1) 0.3.48+73761d2e19 (fabric_rendering_data_attachment_v1)
		Jade 15.10.6+neoforge (jade)
		Jade Addons 6.1.1+neoforge (jadeaddons)
		Just Enough Items 19.56.0.441 (jei)
		KubeJS 2101.7.2-build.377 (kubejs)
		KubeJS Additions 1.21.1-6.0.0 (kubejsadditions)
		KubeJS Create 2101.3.1-build.18 (kubejs_create)
		KumaAPI 21.0.8 (kuma_api)
		Lodestone 1.8.2 (lodestone)
		LootJS 1.21.1-3.7.0 (lootjs)
		MezzConfig 0.5.6 (mezz_config)
		Minecraft 1.21.1 (minecraft)
		Nature's Compass 1.21.1-3.4.0-neoforge (naturescompass)
		NeoForge 21.1.251 (neoforge)
		Omnira 0.5.0 (omnira)
		OptiCore 1.1.0+1.21.1 (opticores)
		Ponder 1.0.82+mc1.21.1 (ponder)
		Rhino 2101.2.8-build.91 (rhino)
		Sable 2.0.5 (sable)
		Sable Companion 1.6.0 (sablecompanion)
		Sable Sublevels on Xaero's Maps 1.4.0 (sablexaeromaps)
		Sodium 0.8.13+mc1.21.1 (sodium)
		Veil 4.3.2 (veil)
		Xaero's Minimap 26.5.0 (xaerominimap)
		Xaero's World Map 1.46.0 (xaeroworldmap)
		XaeroLib 1.7.3 (xaerolib)
[14:43:27] [main/INFO]: Loading coremod script-engine for [xaerominimap, xaeroworldmap]
[14:43:30] [main/INFO]: Compatibility level set to JAVA_17
[14:43:30] [main/INFO]: Compatibility level set to JAVA_21
[14:43:30] [main/INFO]: Launching target 'forgeclient' with arguments [--version, WizardryCraft, --gameDir, E:\MC_Projects\MC_Magic\.minecraft\versions\WizardryCraft, --assetsDir, E:\MC_Projects\MC_Magic\.minecraft\assets, --uuid, dd0759f163ce32d6a39f055226e2ef5d, --username, Midnight_Pigeon, --assetIndex, 17, --accessToken, ❄❄❄❄❄❄❄❄, --clientId, ${clientid}, --xuid, ${auth_xuid}, --userType, msa, --versionType, HMCL 3.16.4, --width, 1280, --height, 720]
[14:43:30] [main/WARN]: Reference map 'kuma_api.refmap.json' for kuma_api.mixins.json could not be read. If this is a development environment you can ignore this message
[14:43:30] [main/WARN]: Reference map 'aeronautics.refmap.json' for aeronautics.mixins.json could not be read. If this is a development environment you can ignore this message
[14:43:30] [main/WARN]: Reference map 'xaerolib.refmap.json' for xaerolib.mixins.json could not be read. If this is a development environment you can ignore this message
[14:43:30] [main/WARN]: Reference map 'curios.refmap.json' for curios.neoforge.mixins.json could not be read. If this is a development environment you can ignore this message
[14:43:30] [main/WARN]: Reference map 'curios.refmap.json' for curios.mixins.json could not be read. If this is a development environment you can ignore this message
[14:43:30] [main/WARN]: Reference map 'ponder.refmap.json' for ponder-common.mixins.json could not be read. If this is a development environment you can ignore this message
[14:43:30] [main/INFO]: Using Sodium renderer mixins
[14:43:30] [main/INFO]: Using Sodium renderer mixins
[14:43:30] [main/WARN]: Reference map 'xaerominimap.refmap.json' for xaerohud.mixins.json could not be read. If this is a development environment you can ignore this message
[14:43:30] [main/WARN]: Reference map 'xaerominimap.refmap.json' for xaerominimap.mixins.json could not be read. If this is a development environment you can ignore this message
[14:43:30] [main/WARN]: Reference map 'xaeroworldmap.refmap.json' for xaeroworldmap.mixins.json could not be read. If this is a development environment you can ignore this message
[14:43:30] [main/WARN]: Reference map 'simulated.refmap.json' for simulated.mixins.json could not be read. If this is a development environment you can ignore this message
[14:43:30] [main/WARN]: Reference map 'balm.refmap.json' for balm.mixins.json could not be read. If this is a development environment you can ignore this message
[14:43:30] [main/INFO]: Loaded configuration file for Sodium: 45 options available, 0 override(s) found
[14:43:30] [main/WARN]: Reference map 'jadeaddons.refmap.json' for jadeaddons.mixins.json could not be read. If this is a development environment you can ignore this message
[14:43:30] [main/WARN]: Reference map 'lodestone.refmap.json' for lodestone.mixins.json could not be read. If this is a development environment you can ignore this message
[14:43:30] [main/WARN]: Reference map 'offroad.refmap.json' for offroad.mixins.json could not be read. If this is a development environment you can ignore this message
[14:43:32] [main/WARN]: Error loading class: net/irisshaders/iris/pipeline/PipelineManager (java.lang.ClassNotFoundException: net.irisshaders.iris.pipeline.PipelineManager)
[14:43:32] [main/WARN]: @Mixin target net.irisshaders.iris.pipeline.PipelineManager was not found veil.neoforge.mixins.json:client.perspective.iris.PipelineManagerMixin from mod veil
[14:43:33] [main/WARN]: Error loading class: me/jellysquid/mods/sodium/client/render/chunk/RenderSectionManager (java.lang.ClassNotFoundException: me.jellysquid.mods.sodium.client.render.chunk.RenderSectionManager)
[14:43:33] [main/WARN]: Error loading class: net/irisshaders/iris/pipeline/ShadowRenderer (java.lang.ClassNotFoundException: net.irisshaders.iris.pipeline.ShadowRenderer)
[14:43:33] [main/WARN]: Error loading class: net/coderbot/iris/pipeline/ShadowRenderer (java.lang.ClassNotFoundException: net.coderbot.iris.pipeline.ShadowRenderer)
[14:43:33] [main/WARN]: Error loading class: dev/emi/emi/screen/RecipeScreen (java.lang.ClassNotFoundException: dev.emi.emi.screen.RecipeScreen)
[14:43:33] [main/WARN]: @Mixin target dev.emi.emi.screen.RecipeScreen was not found ali.emi.mixins.json:MixinRecipeScreen from mod ali
[14:43:33] [main/WARN]: Error loading class: org/jetbrains/annotations/ApiStatus$ScheduledForRemoval (java.lang.ClassNotFoundException: org.jetbrains.annotations.ApiStatus$ScheduledForRemoval)
[14:43:33] [main/WARN]: Error loading class: me/jellysquid/mods/sodium/client/render/chunk/RenderSectionManager (java.lang.ClassNotFoundException: me.jellysquid.mods.sodium.client.render.chunk.RenderSectionManager)
[14:43:33] [main/WARN]: Error loading class: me/jellysquid/mods/sodium/client/render/chunk/RenderSectionManager (java.lang.ClassNotFoundException: me.jellysquid.mods.sodium.client.render.chunk.RenderSectionManager)
[14:43:33] [main/INFO]: Initializing MixinExtras via com.llamalad7.mixinextras.service.MixinExtrasServiceImpl(version=0.5.3).
[0110月2026 14:43:38.052] [Datafixer Bootstrap/INFO] [com.mojang.datafixers.DataFixerBuilder/]: 229 Datafixer optimizations took 818 milliseconds
[0110月2026 14:43:48.614] [Render thread/WARN] [net.minecraft.server.packs.VanillaPackResourcesBuilder/]: Assets URL 'union:/E:/MC_Projects/MC_Magic/.minecraft/libraries/net/minecraft/client/1.21.1-20240808.144430/client-1.21.1-20240808.144430-srg.jar%23217!/assets/.mcassetsroot' uses unexpected schema
[0110月2026 14:43:48.614] [Render thread/WARN] [net.minecraft.server.packs.VanillaPackResourcesBuilder/]: Assets URL 'union:/E:/MC_Projects/MC_Magic/.minecraft/libraries/net/minecraft/client/1.21.1-20240808.144430/client-1.21.1-20240808.144430-srg.jar%23217!/data/.mcassetsroot' uses unexpected schema
[0110月2026 14:43:48.696] [Render thread/INFO] [com.mojang.authlib.yggdrasil.YggdrasilAuthenticationService/]: Environment: Environment[sessionHost=http://127.0.0.1:50800/https/sessionserver.mojang.com, servicesHost=http://127.0.0.1:50800/https/api.minecraftservices.com, name=PROD]
[0110月2026 14:43:48.727] [Render thread/INFO] [net.minecraft.client.Minecraft/]: Setting user: Midnight_Pigeon
[0110月2026 14:43:48.980] [Render thread/INFO] [net.minecraft.client.Minecraft/]: Backend library: LWJGL version 3.3.3+5
[0110月2026 14:43:49.142] [Render thread/INFO] [com.mojang.blaze3d.platform.Window/]: OpenGL Vendor: ATI Technologies Inc.
[0110月2026 14:43:49.142] [Render thread/INFO] [com.mojang.blaze3d.platform.Window/]: OpenGL Renderer: AMD Radeon(TM) Graphics
[0110月2026 14:43:49.142] [Render thread/INFO] [com.mojang.blaze3d.platform.Window/]: OpenGL Version: 4.6.0 Core Profile Context 25.9.1.250822
[0110月2026 14:43:49.996] [modloading-worker-0/INFO] [Veil/]: Veil is initializing.
[0110月2026 14:43:50.072] [modloading-worker-0/INFO] [net.neoforged.neoforge.common.NeoForgeMod/NEOFORGE-MOD]: NeoForge mod loading, version 21.1.251, for MC 1.21.1
[0110月2026 14:43:50.830] [modloading-worker-0/INFO] [xaero.hud.minimap.MinimapLogs/]: Xaero's Minimap: World Map found!
[0110月2026 14:43:50.830] [modloading-worker-0/INFO] [xaero.hud.minimap.MinimapLogs/]: No Optifine!
[0110月2026 14:43:50.830] [modloading-worker-0/INFO] [xaero.hud.minimap.MinimapLogs/]: Xaero's Minimap: No Vivecraft!
[0110月2026 14:43:51.010] [modloading-worker-0/INFO] [xaero.lib.XaeroLib/]: Registering common data for channel xaerolib:main!
[0110月2026 14:43:51.355] [modloading-worker-0/INFO] [xaero.lib.XaeroLib/]: Registering client data for channel xaerolib:main!
[0110月2026 14:43:51.385] [modloading-worker-0/INFO] [xaero.lib.XaeroLib/]: Loading primary common config for channel xaerolib:main!
[0110月2026 14:43:51.422] [modloading-worker-0/INFO] [com.simibubi.create.Create/]: Create 6.0.10 initializing! Commit hash: ac0c444d9828da3453ae8cc65338e8de063286fb
[0110月2026 14:43:51.427] [modloading-worker-0/INFO] [xaero.lib.XaeroLib/]: Loading server config profiles for channel xaerolib:main!
[0110月2026 14:43:51.442] [modloading-worker-0/INFO] [xaero.lib.XaeroLib/]: Loading primary client config for channel xaerolib:main!
[0110月2026 14:43:51.455] [modloading-worker-0/INFO] [xaero.lib.XaeroLib/]: Loading client config profiles for channel xaerolib:main!
[0110月2026 14:43:51.470] [modloading-worker-0/INFO] [xaero.common.HudMod/]: Registering common data for channel xaerominimap:main!
[0110月2026 14:43:51.730] [modloading-worker-0/INFO] [xaero.common.HudMod/]: Registering client data for channel xaerominimap:main!
[0110月2026 14:43:51.846] [modloading-worker-0/INFO] [xaero.common.HudMod/]: Loading primary common config for channel xaerominimap:main!
[0110月2026 14:43:51.857] [modloading-worker-0/INFO] [xaero.common.HudMod/]: Loading server config profiles for channel xaerominimap:main!
[0110月2026 14:43:51.868] [modloading-worker-0/INFO] [xaero.common.HudMod/]: Loading primary client config for channel xaerominimap:main!
[0110月2026 14:43:51.877] [modloading-worker-0/INFO] [xaero.common.HudMod/]: Loading client config profiles for channel xaerominimap:main!
[0110月2026 14:43:51.888] [modloading-worker-0/INFO] [xaero.map.WorldMap/]: Registering common data for channel xaeroworldmap:main!
[0110月2026 14:43:51.898] [modloading-worker-0/INFO] [xaero.map.WorldMap/]: Registering client data for channel xaeroworldmap:main!
[0110月2026 14:43:51.927] [modloading-worker-0/INFO] [xaero.map.WorldMap/]: Loading primary common config for channel xaeroworldmap:main!
[0110月2026 14:43:51.937] [modloading-worker-0/INFO] [xaero.map.WorldMap/]: Loading server config profiles for channel xaeroworldmap:main!
[0110月2026 14:43:51.948] [modloading-worker-0/INFO] [xaero.map.WorldMap/]: Loading primary client config for channel xaeroworldmap:main!
[0110月2026 14:43:51.959] [modloading-worker-0/INFO] [xaero.map.WorldMap/]: Loading client config profiles for channel xaeroworldmap:main!
[0110月2026 14:43:52.199] [modloading-worker-0/INFO] [mezz.jei.library.load.PluginCaller/]: Sending ConfigManager...
[0110月2026 14:43:52.202] [modloading-worker-0/INFO] [mezz.jei.library.load.PluginCaller/]: Sending ConfigManager took 2.178 milliseconds
[0110月2026 14:43:52.244] [modloading-worker-0/INFO] [KubeJS/]: Loading vanilla registries...
[0110月2026 14:43:52.265] [modloading-worker-0/INFO] [KubeJS/]: Looking for KubeJS plugins...
[0110月2026 14:43:52.270] [modloading-worker-0/INFO] [KubeJS/]: Found plugin source kubejs
[0110月2026 14:43:52.278] [modloading-worker-0/INFO] [KubeJS/]: Found plugin source lootjs
[0110月2026 14:43:52.280] [modloading-worker-0/INFO] [KubeJS/]: Found plugin source kubejsadditions
[0110月2026 14:43:52.281] [modloading-worker-0/INFO] [KubeJS/]: Found plugin source brnquest
[0110月2026 14:43:52.282] [modloading-worker-0/INFO] [KubeJS/]: Found plugin source kubejs_create
[0110月2026 14:43:52.285] [modloading-worker-0/INFO] [KubeJS/]: Done in 17.69 ms
[0110月2026 14:43:53.207] [modloading-worker-0/INFO] [KubeJS Startup/]: startup_scripts:main.js#2: Hello, World! (Loaded startup example script)
[0110月2026 14:43:53.209] [modloading-worker-0/INFO] [KubeJS Startup/]: Loaded script startup_scripts:main.js in 0.063 s
[0110月2026 14:43:53.214] [modloading-worker-0/INFO] [KubeJS Startup/]: Loaded 1/1 KubeJS startup scripts in 0.908 s with 0 errors and 0 warnings
[0110月2026 14:43:53.261] [modloading-worker-0/INFO] [KubeJS Client/]: Loaded 0/0 KubeJS client scripts in 0.043 s with 0 errors and 0 warnings
[0110月2026 14:43:53.281] [modloading-worker-0/INFO] [KubeJS Startup/]: Validated 2 files in kubejs/assets/ in 4ms
[0110月2026 14:43:53.282] [modloading-worker-0/INFO] [KubeJS Startup/]: Validated 0 files in kubejs/data/ in 0ms
[0110月2026 14:43:53.521] [modloading-worker-0/INFO] [yourscraft.jasdewstarfield.brnquest.BRNQuest/]: [BRNQuest] Initializing the NeoForge 1.21.1 development scaffold
[0110月2026 14:43:54.589] [modloading-worker-0/INFO] [dev.ryanhcode.sable.Sable/]: Sable loaded!
[0110月2026 14:43:54.618] [modloading-worker-0/WARN] [dev.ryanhcode.sable.Sable/]: NOTE: Sable is loaded with Flywheel. Sable contains extensive shader overrides and a full light-storage replacement. Expect this to cause compatibility issues. If issues arise, please report them to the Sable issue tracker (https://github.com/ryanhcode/sable/issues) instead of the Flywheel issue tracker.
[0110月2026 14:43:54.630] [modloading-worker-0/INFO] [com.sablexaeromaps.SableXaeroMaps/]: Sable Sublevels on Xaero's Maps loaded — sub-levels will be drawn onto the minimap and world map
[0110月2026 14:44:01.101] [Render thread/INFO] [Veil/]: GL Debug supported
[0110月2026 14:44:02.186] [Render thread/INFO] [net.minecraft.server.packs.resources.ReloadableResourceManager/]: Reloading ResourceManager: vanilla, KubeJS Virtual Resource Pack [Before Mods, assets], mod_resources, mod/sodium, mod/rhino, mod/kuma_api, mod/fabric_api_base, mod/fabric_renderer_api_v1, mod/jade, mod/aeronautics, mod/xaerolib, mod/aeronautics_bundled, mod/curios, mod/sablecompanion, mod/flywheel, mod/ponder, mod/create, mod/sable, mod/xaerominimap, mod/xaeroworldmap, mod/sablexaeromaps, mod/neoforge, mod/aci, mod/naturescompass, mod/fabric_block_view_api_v2, mod/veil, mod/simulated, mod/lootjs, mod/architectury, mod/appleskin, mod/explorerscompass, mod/balm, mod/fabric_rendering_data_attachment_v1, mod/jadeaddons, mod/lodestone, mod/cloth_config, mod/opticores, mod/offroad, mod/mezz_config, mod/jei, mod/kubejs, mod/omnira, mod/kubejsadditions, mod/brnquest, mod/ali, mod/kubejs_create, mod/betteradvancedtooltips, brnquest/local-assets, KubeJS Virtual Resource Pack [Internal, assets], KubeJS Virtual Resource Pack [After Mods, assets], KubeJS File Resource Pack [assets], KubeJS Virtual Resource Pack [Last, assets]
[0110月2026 14:44:02.216] [Worker-Main-4/INFO] [xaero.lib.XaeroLib/]: Loading XaeroLib common 1/2!
[0110月2026 14:44:02.319] [Worker-Main-13/INFO] [com.yanny.ali.neoforge.platform.NeoForgePlatformHelper/]: Registered ALI plugin [ali] com.yanny.ali.plugin.Plugin
[0110月2026 14:44:02.332] [Worker-Main-13/INFO] [com.yanny.ali.neoforge.platform.NeoForgePlatformHelper/]: Registered ALI plugin [neoforge] com.yanny.ali.neoforge.plugin.NeoForgePlugin
[0110月2026 14:44:02.337] [Worker-Main-13/INFO] [com.yanny.ali.neoforge.platform.NeoForgePlatformHelper/]: Registered ALI plugin [lootjs] com.yanny.ali.lootjs.LootJsPlugin
[0110月2026 14:44:02.338] [Worker-Main-13/INFO] [com.yanny.ali.neoforge.platform.NeoForgePlatformHelper/]: Found 3 plugin(s)
[0110月2026 14:44:02.338] [Worker-Main-13/INFO] [com.yanny.aci.manager.CorePluginManager/]: [ali] Registering common plugin data...
[0110月2026 14:44:02.356] [Worker-Main-3/ERROR] [net.minecraft.Util/]: Invalid path in pack: omnira:sounds/ATTRIBUTION.txt, ignoring
[0110月2026 14:44:02.368] [Worker-Main-5/INFO] [com.mcmagic.omnira.Omnira/]: Omnira common setup complete.
[0110月2026 14:44:02.471] [Worker-Main-13/INFO] [com.yanny.aci.configuration.CoreConfigUtils/]: [ali] Loading configuration file E:\MC_Projects\MC_Magic\.minecraft\versions\WizardryCraft\config\ali\ali_common.json
[0110月2026 14:44:02.473] [Worker-Main-1/INFO] [net.minecraft.client.gui.font.providers.UnihexProvider/]: Found unifont_all_no_pua-15.1.05.hex, loading
[0110月2026 14:44:02.555] [Render thread/INFO] [KubeJS Client/]: Client resource reload complete!
[0110月2026 14:44:02.616] [Worker-Main-13/INFO] [com.yanny.aci.manager.ManagedRegistry/]: [ali] Registered 1 entity variants
[0110月2026 14:44:02.616] [Worker-Main-13/INFO] [com.yanny.aci.manager.CorePluginManager/]: [ali] Registering common plugin data finished
[0110月2026 14:44:02.786] [Worker-Main-9/INFO] [net.minecraft.client.gui.font.providers.UnihexProvider/]: Found unifont_jp_patch-15.1.05.hex, loading
[0110月2026 14:44:03.160] [Worker-Main-2/WARN] [net.minecraft.client.renderer.texture.SpriteLoader/]: Texture omnira:block/heron_button_purple with size 1x1 limits mip level from 4 to 0
[0110月2026 14:44:03.161] [Worker-Main-15/INFO] [xaero.lib.XaeroLib/]: Loading XaeroLib client 1/2!
[0110月2026 14:44:03.163] [Worker-Main-14/INFO] [xaero.minimap.XaeroMinimap/]: Loading Xaero's Minimap - Stage 1/2
[0110月2026 14:44:03.200] [Worker-Main-6/INFO] [xaero.map.WorldMap/]: Loading Xaero's World Map - Stage 1/2
[0110月2026 14:44:03.259] [NeoForge Version Check/INFO] [net.neoforged.fml.VersionChecker/]: [create] Starting version check at https://api.modrinth.com/updates/create/forge_updates.json?neoforge=only
[0110月2026 14:44:03.404] [Worker-Main-13/ERROR] [net.minecraft.client.resources.model.ModelManager/]: Failed to load model omnira:models/block/shadow_lantern_chain.json
com.google.gson.JsonParseException: Expected between 1 and 6 unique faces, got 0
	at TRANSFORMER/minecraft@1.21.1/net.minecraft.client.renderer.block.model.BlockElement$Deserializer.getFaces(BlockElement.java:134) ~[client-1.21.1-20240808.144430-srg.jar%23217!/:?]
	at TRANSFORMER/minecraft@1.21.1/net.minecraft.client.renderer.block.model.BlockElement$Deserializer.deserialize(BlockElement.java:85) ~[client-1.21.1-20240808.144430-srg.jar%23217!/:?]
	at TRANSFORMER/minecraft@1.21.1/net.minecraft.client.renderer.block.model.BlockElement$Deserializer.deserialize(BlockElement.java:76) ~[client-1.21.1-20240808.144430-srg.jar%23217!/:?]
	at MC-BOOTSTRAP/com.google.gson@2.10.1/com.google.gson.internal.bind.TreeTypeAdapter.read(TreeTypeAdapter.java:76) ~[gson-2.10.1.jar%23142!/:?]
	at MC-BOOTSTRAP/com.google.gson@2.10.1/com.google.gson.Gson.fromJson(Gson.java:1227) ~[gson-2.10.1.jar%23142!/:?]
	at MC-BOOTSTRAP/com.google.gson@2.10.1/com.google.gson.Gson.fromJson(Gson.java:1329) ~[gson-2.10.1.jar%23142!/:?]
	at MC-BOOTSTRAP/com.google.gson@2.10.1/com.google.gson.Gson.fromJson(Gson.java:1300) ~[gson-2.10.1.jar%23142!/:?]
	at MC-BOOTSTRAP/com.google.gson@2.10.1/com.google.gson.internal.bind.TreeTypeAdapter$GsonContextImpl.deserialize(TreeTypeAdapter.java:179) ~[gson-2.10.1.jar%23142!/:?]
	at TRANSFORMER/minecraft@1.21.1/net.minecraft.client.renderer.block.model.BlockModel$Deserializer.getElements(BlockModel.java:409) ~[client-1.21.1-20240808.144430-srg.jar%23217!/:?]
	at TRANSFORMER/minecraft@1.21.1/net.minecraft.client.renderer.block.model.BlockModel$Deserializer.deserialize(BlockModel.java:338) ~[client-1.21.1-20240808.144430-srg.jar%23217!/:?]
	at TRANSFORMER/neoforge@21.1.251/net.neoforged.neoforge.client.model.ExtendedBlockModelDeserializer.deserialize(ExtendedBlockModelDeserializer.java:51) ~[neoforge-21.1.251-universal.jar%23218!/:?]
	at TRANSFORMER/neoforge@21.1.251/net.neoforged.neoforge.client.model.ExtendedBlockModelDeserializer.deserialize(ExtendedBlockModelDeserializer.java:37) ~[neoforge-21.1.251-universal.jar%23218!/:?]
	at MC-BOOTSTRAP/com.google.gson@2.10.1/com.google.gson.internal.bind.TreeTypeAdapter.read(TreeTypeAdapter.java:76) ~[gson-2.10.1.jar%23142!/:?]
	at TRANSFORMER/minecraft@1.21.1/net.minecraft.util.GsonHelper.fromNullableJson(GsonHelper.java:525) ~[client-1.21.1-20240808.144430-srg.jar%23217!/:?]
	at TRANSFORMER/minecraft@1.21.1/net.minecraft.util.GsonHelper.fromJson(GsonHelper.java:532) ~[client-1.21.1-20240808.144430-srg.jar%23217!/:?]
	at TRANSFORMER/minecraft@1.21.1/net.minecraft.util.GsonHelper.fromJson(GsonHelper.java:582) ~[client-1.21.1-20240808.144430-srg.jar%23217!/:?]
	at TRANSFORMER/minecraft@1.21.1/net.minecraft.client.renderer.block.model.BlockModel.fromStream(BlockModel.java:83) ~[client-1.21.1-20240808.144430-srg.jar%23217!/:?]
	at TRANSFORMER/minecraft@1.21.1/net.minecraft.client.resources.model.ModelManager.lambda$loadBlockModels$8(ModelManager.java:144) ~[client-1.21.1-20240808.144430-srg.jar%23217!/:?]
	at java.base/java.util.concurrent.CompletableFuture$AsyncSupply.run(CompletableFuture.java:1768) [?:?]
	at java.base/java.util.concurrent.CompletableFuture$AsyncSupply.exec(CompletableFuture.java:1760) [?:?]
	at java.base/java.util.concurrent.ForkJoinTask.doExec(ForkJoinTask.java:387) [?:?]
	at java.base/java.util.concurrent.ForkJoinPool$WorkQueue.topLevelExec(ForkJoinPool.java:1312) [?:?]
	at java.base/java.util.concurrent.ForkJoinPool.scan(ForkJoinPool.java:1843) [?:?]
	at java.base/java.util.concurrent.ForkJoinPool.runWorker(ForkJoinPool.java:1808) [?:?]
	at java.base/java.util.concurrent.ForkJoinWorkerThread.run(ForkJoinWorkerThread.java:188) [?:?]
[0110月2026 14:44:03.542] [Worker-Main-1/INFO] [com.yanny.aci.manager.CorePluginManager/]: [ali] Registering client plugin data...
[0110月2026 14:44:04.040] [Worker-Main-15/WARN] [xaero.lib.XaeroLib/]: io exception while checking patreon: Online mod data expired! Date: Tue Sep 29 21:33:54 SGT 2026
[0110月2026 14:44:04.134] [Worker-Main-1/INFO] [com.yanny.aci.manager.ManagedRegistry/]: [ali] Registered 19 node widgets
[0110月2026 14:44:04.134] [Worker-Main-1/INFO] [com.yanny.aci.manager.ManagedRegistry/]: [ali] Registered 19 data node factories
[0110月2026 14:44:04.134] [Worker-Main-1/INFO] [com.yanny.aci.manager.CorePluginManager/]: [ali] Registering client plugin data finished
[0110月2026 14:44:04.441] [Render thread/INFO] [KubeJS/]: Started the local web server at http://localhost:61423
[0110月2026 14:44:04.445] [Render thread/INFO] [xaero.map.WorldMap/]: Loading Xaero's World Map - Stage 2/2
[0110月2026 14:44:04.464] [Render thread/INFO] [xaero.map.WorldMap/]: New world map region cache hash code: 1584523894
[0110月2026 14:44:05.097] [NeoForge Version Check/INFO] [net.neoforged.fml.VersionChecker/]: [create] Found status: OUTDATED Current: 6.0.10 Target: 6.0.10+mc1.21.1
[0110月2026 14:44:05.167] [Render thread/ERROR] [xaero.map.WorldMap/]: io exception while checking versions: Online mod data expired! Date: Tue Sep 29 21:33:54 SGT 2026
[0110月2026 14:44:05.171] [Render thread/INFO] [xaero.map.WorldMap/]: Registered player tracker system: map_synced
[0110月2026 14:44:05.184] [Render thread/INFO] [xaero.map.WorldMap/]: Xaero's WorldMap Mod: Xaero's minimap found!
[0110月2026 14:44:05.204] [Render thread/INFO] [xaero.map.WorldMap/]: Registered player tracker system: minimap_synced
[0110月2026 14:44:05.204] [Render thread/INFO] [xaero.map.WorldMap/]: No Optifine!
[0110月2026 14:44:05.204] [Render thread/INFO] [xaero.map.WorldMap/]: Xaero's World Map: No Vivecraft!
[0110月2026 14:44:05.306] [Render thread/INFO] [xaero.lib.XaeroLib/]: Loading XaeroLib common 2/2!
[0110月2026 14:44:05.307] [Render thread/INFO] [xaero.lib.XaeroLib/]: Loading XaeroLib client 2/2!
[0110月2026 14:44:05.307] [Render thread/INFO] [xaero.minimap.XaeroMinimap/]: Loading Xaero's Minimap - Stage 2/2
[0110月2026 14:44:05.948] [Worker-Main-7/WARN] [net.minecraft.client.resources.model.ModelBakery/]: Unable to load model: 'omnira:block/shadow_lantern_chain' referenced from: omnira:block/shadow_lantern_chain: java.io.FileNotFoundException: omnira:models/block/shadow_lantern_chain.json
[0110月2026 14:44:06.220] [Render thread/WARN] [xaero.hud.minimap.MinimapLogs/]: io exception while checking versions: Online mod data expired! Date: Tue Sep 29 21:33:54 SGT 2026
[0110月2026 14:44:06.223] [Render thread/INFO] [xaero.hud.minimap.MinimapLogs/]: Registered player tracker system: minimap_synced
[0110月2026 14:44:08.672] [Render thread/INFO] [Veil/]: Loaded 0 shader redirects, 0 replacements
[0110月2026 14:44:09.651] [Render thread/INFO] [Veil/]: Loaded 29 shaders from: pinwheel/shaders/program
[0110月2026 14:44:09.760] [Worker-Main-11/INFO] [snownee.jade.Jade/]: Start loading plugin from snownee.jade.addon.vanilla.VanillaPlugin
[0110月2026 14:44:09.854] [Worker-Main-11/INFO] [snownee.jade.Jade/]: Start loading plugin from snownee.jade.addon.universal.UniversalPlugin
[0110月2026 14:44:09.865] [Worker-Main-11/INFO] [snownee.jade.Jade/]: Start loading plugin from snownee.jade.addon.debug.DebugPlugin
[0110月2026 14:44:09.870] [Worker-Main-11/INFO] [snownee.jade.Jade/]: Start loading plugin from snownee.jade.addon.core.CorePlugin
[0110月2026 14:44:09.879] [Worker-Main-11/INFO] [snownee.jade.Jade/]: Start loading plugin from snownee.jade.addon.access.AccessibilityPlugin
[0110月2026 14:44:09.887] [Worker-Main-11/INFO] [snownee.jade.Jade/]: Start loading plugin from net.blay09.mods.balm.neoforge.compat.hudinfo.NeoForgeJadeModCompat
[0110月2026 14:44:09.888] [Worker-Main-11/INFO] [snownee.jade.Jade/]: Start loading plugin from snownee.jade.addon.JadeAddonsBase
[0110月2026 14:44:09.922] [Worker-Main-11/INFO] [snownee.jade.Jade/]: Start loading plugin from pie.ilikepiefoo.compat.jade.AdditionalJadePlugin
[0110月2026 14:44:09.923] [Worker-Main-11/INFO] [pie.ilikepiefoo.compat.jade.AdditionalJadePlugin/]: Jade Plugin Registering Common Data
[0110月2026 14:44:09.924] [Worker-Main-11/INFO] [pie.ilikepiefoo.compat.jade.AdditionalJadePlugin/]: Jade Plugin Registering Client Data
[0110月2026 14:44:09.927] [Worker-Main-9/INFO] [PonderIndex/]: Registering Ponder Scenes took 242.3 ms
[0110月2026 14:44:09.940] [Worker-Main-9/INFO] [PonderIndex/]: Registering Ponder Tags took 13.08 ms
[0110月2026 14:44:10.004] [Render thread/INFO] [com.mcmagic.omnira.Omnira/]: External FE providers detected: true
[0110月2026 14:44:10.504] [Render thread/WARN] [net.minecraft.client.sounds.SoundEngine/]: Missing sound for event: minecraft:item.goat_horn.play
[0110月2026 14:44:10.505] [Render thread/WARN] [net.minecraft.client.sounds.SoundEngine/]: Missing sound for event: minecraft:entity.goat.screaming.horn_break
[0110月2026 14:44:11.389] [Render thread/INFO] [com.mojang.blaze3d.audio.Library/]: OpenAL initialized on device OpenAL Soft on 扬声器 (Realtek(R) Audio)
[0110月2026 14:44:11.391] [Render thread/INFO] [net.minecraft.client.sounds.SoundEngine/SOUNDS]: Sound engine started
[0110月2026 14:44:11.610] [Render thread/INFO] [net.minecraft.client.renderer.texture.TextureAtlas/]: Created: 2048x1024x4 minecraft:textures/atlas/blocks.png-atlas
[0110月2026 14:44:11.659] [Render thread/INFO] [net.minecraft.client.renderer.texture.TextureAtlas/]: Created: 256x256x4 minecraft:textures/atlas/signs.png-atlas
[0110月2026 14:44:11.660] [Render thread/INFO] [net.minecraft.client.renderer.texture.TextureAtlas/]: Created: 512x512x4 minecraft:textures/atlas/shield_patterns.png-atlas
[0110月2026 14:44:11.661] [Render thread/INFO] [net.minecraft.client.renderer.texture.TextureAtlas/]: Created: 512x512x4 minecraft:textures/atlas/banner_patterns.png-atlas
[0110月2026 14:44:11.662] [Render thread/INFO] [net.minecraft.client.renderer.texture.TextureAtlas/]: Created: 2048x1024x4 minecraft:textures/atlas/armor_trims.png-atlas
[0110月2026 14:44:11.681] [Render thread/INFO] [net.minecraft.client.renderer.texture.TextureAtlas/]: Created: 128x64x4 minecraft:textures/atlas/decorated_pot.png-atlas
[0110月2026 14:44:11.682] [Render thread/INFO] [net.minecraft.client.renderer.texture.TextureAtlas/]: Created: 256x256x4 minecraft:textures/atlas/chest.png-atlas
[0110月2026 14:44:11.684] [Render thread/INFO] [net.minecraft.client.renderer.texture.TextureAtlas/]: Created: 512x256x4 minecraft:textures/atlas/shulker_boxes.png-atlas
[0110月2026 14:44:11.685] [Render thread/INFO] [net.minecraft.client.renderer.texture.TextureAtlas/]: Created: 512x256x4 minecraft:textures/atlas/beds.png-atlas
[0110月2026 14:44:11.950] [Render thread/INFO] [net.minecraft.client.renderer.texture.TextureAtlas/]: Created: 512x512x0 minecraft:textures/atlas/particles.png-atlas
[0110月2026 14:44:11.955] [Render thread/INFO] [net.minecraft.client.renderer.texture.TextureAtlas/]: Created: 512x512x0 minecraft:textures/atlas/paintings.png-atlas
[0110月2026 14:44:11.957] [Render thread/INFO] [net.minecraft.client.renderer.texture.TextureAtlas/]: Created: 256x128x0 minecraft:textures/atlas/mob_effects.png-atlas
[0110月2026 14:44:11.958] [Render thread/INFO] [net.minecraft.client.renderer.texture.TextureAtlas/]: Created: 64x64x0 minecraft:textures/atlas/map_decorations.png-atlas
[0110月2026 14:44:11.959] [Render thread/INFO] [net.minecraft.client.renderer.texture.TextureAtlas/]: Created: 1024x1024x0 minecraft:textures/atlas/gui.png-atlas
[0110月2026 14:44:12.042] [Render thread/WARN] [net.minecraft.client.renderer.ShaderInstance/]: Shader rendertype_entity_translucent_emissive could not find sampler named Sampler2 in the specified shader program.
[0110月2026 14:44:12.204] [Render thread/INFO] [team.lodestar.lodestone.LodestoneLib/]: Registering shaders for mod: lodestone
[0110月2026 14:44:12.319] [Render thread/INFO] [team.lodestar.lodestone.LodestoneLib/]: Loaded geometry program: lodestone:nineslice/nine_slice
[0110月2026 14:44:12.328] [Render thread/INFO] [team.lodestar.lodestone.LodestoneLib/]: Loaded geometry program: lodestone:nineslice/distorted/distorted_nine_slice_texture
[0110月2026 14:44:12.513] [Render thread/INFO] [xaero.lib.XaeroLib/]: Successfully reloaded the XaeroLib shaders!
[0110月2026 14:44:12.580] [Render thread/INFO] [flywheel/backend/shaders/]: Loaded 77 shader sources in 52.595 ms
[0110月2026 14:44:12.658] [Render thread/INFO] [com.simibubi.create.Create/]: Loaded 58 train hat configurations.
[0110月2026 14:44:12.661] [Render thread/INFO] [net.neoforged.neoforge.client.entity.animation.json.AnimationLoader/]: Loaded 0 entity animations
[0110月2026 14:44:12.661] [Render thread/INFO] [Veil/]: Loaded 3 framebuffers
[0110月2026 14:44:12.699] [Render thread/INFO] [Veil/]: Loaded 6 post pipelines
[0110月2026 14:44:12.720] [Render thread/INFO] [Veil/]: Loaded 4 render types
[0110月2026 14:44:12.721] [Render thread/INFO] [Veil/]: Enabled bloom pipeline
[0110月2026 14:44:12.723] [Render thread/INFO] [Veil/]: Loaded 0 quasar particles
[0110月2026 14:44:12.724] [Render thread/INFO] [Veil/]: Loaded 0 templates
[0110月2026 14:44:12.724] [Render thread/INFO] [Veil/]: Loaded 0 modules
[0110月2026 14:44:12.731] [Render thread/INFO] [net.minecraft.client.renderer.texture.TextureAtlas/]: Created: 256x256x0 jei:textures/atlas/gui.png-atlas
[0110月2026 14:44:13.255] [Render thread/INFO] [Veil/]: Compiled 76 vanilla shaders in 824.5 ms
[0110月2026 14:44:13.269] [IO-Worker-1/INFO] [com.mojang.realmsclient.client.RealmsClient/]: Could not authorize you against Realms server: java.lang.RuntimeException: Failed to parse into SignedJWT: 93b76367446d48f6be108d639b7bd742
[0110月2026 14:44:13.274] [IO-Worker-1/ERROR] [com.mojang.realmsclient.RealmsAvailability/]: Couldn't connect to realms
com.mojang.realmsclient.exception.RealmsServiceException: Realms authentication error with message 'java.lang.RuntimeException: Failed to parse into SignedJWT: 93b76367446d48f6be108d639b7bd742'
	at TRANSFORMER/minecraft@1.21.1/com.mojang.realmsclient.client.RealmsClient.execute(RealmsClient.java:447) ~[client-1.21.1-20240808.144430-srg.jar%23217!/:?]
	at TRANSFORMER/minecraft@1.21.1/com.mojang.realmsclient.client.RealmsClient.clientCompatible(RealmsClient.java:232) ~[client-1.21.1-20240808.144430-srg.jar%23217!/:?]
	at TRANSFORMER/minecraft@1.21.1/com.mojang.realmsclient.RealmsAvailability.lambda$check$0(RealmsAvailability.java:51) ~[client-1.21.1-20240808.144430-srg.jar%23217!/:?]
	at java.base/java.util.concurrent.CompletableFuture$AsyncSupply.run(CompletableFuture.java:1768) ~[?:?]
	at java.base/java.util.concurrent.ThreadPoolExecutor.runWorker(ThreadPoolExecutor.java:1144) ~[?:?]
	at java.base/java.util.concurrent.ThreadPoolExecutor$Worker.run(ThreadPoolExecutor.java:642) ~[?:?]
	at java.base/java.lang.Thread.run(Thread.java:1583) [?:?]
[0110月2026 14:44:13.387] [sablexaeromaps-update-check/INFO] [com.sablexaeromaps.SableXaeroMaps/]: Update check: 1.4.0 is current (newest on CurseForge for NeoForge 1.21.1 is 1.4.0)
[0110月2026 14:44:14.509] [Render thread/INFO] [Veil/]: Finished uploading vanilla shaders
[0110月2026 14:44:16.844] [Render thread/INFO] [com.simibubi.create.Create/]: Created 181 recipes which will be injected into the game
[0110月2026 14:44:16.850] [Render thread/INFO] [com.simibubi.create.Create/]: Created 0 tags which will be injected into the game
[0110月2026 14:44:16.912] [Render thread/INFO] [KubeJS Server/]: server_scripts:main.js#2: Hello, World! (Loaded server example script)
[0110月2026 14:44:16.912] [Render thread/INFO] [KubeJS Server/]: Loaded script server_scripts:main.js in 0.001 s
[0110月2026 14:44:16.932] [Render thread/INFO] [KubeJS Server/]: Loaded 1/1 KubeJS server scripts in 0.036 s with 0 errors and 0 warnings
[0110月2026 14:44:17.978] [Worker-Main-6/INFO] [com.mcmagic.omnira.Omnira/]: Loaded Omnira loot config: 34 treasure tables, 9 eligible fluids
[0110月2026 14:44:19.550] [Render thread/INFO] [net.minecraft.world.item.crafting.RecipeManager/]: Loaded 3263 recipes
[0110月2026 14:44:19.872] [Render thread/INFO] [net.minecraft.advancements.AdvancementTree/]: Loaded 2655 advancements
[0110月2026 14:44:19.885] [Render thread/INFO] [Curios API/]: Loaded 14 curio slots
[0110月2026 14:44:19.889] [Render thread/INFO] [Curios API/]: Loaded 1 curio entities
[0110月2026 14:44:19.906] [Render thread/INFO] [com.yanny.ali.manager.FakeLootDataManager/]: [ali] Loaded 17 fake loot tables
[0110月2026 14:44:21.643] [Render thread/INFO] [com.yanny.aci.manager.CoreClientRegistry/]: [ali] Player logout received
[0110月2026 14:44:21.643] [Render thread/INFO] [com.yanny.aci.manager.CoreClientRegistry/]: [ali] Cleared data
[0110月2026 14:44:21.792] [Server thread/INFO] [net.minecraft.client.server.IntegratedServer/]: Starting integrated minecraft server version 1.21.1
[0110月2026 14:44:21.792] [Server thread/INFO] [net.minecraft.server.MinecraftServer/]: Generating keypair
[0110月2026 14:44:22.044] [Server thread/INFO] [dev.ryanhcode.sable.Sable/]: Creating physics pipeline for ResourceKey[minecraft:dimension / minecraft:overworld] using RapierPhysicsPipelineProvider
[0110月2026 14:44:22.055] [Server thread/INFO] [dev.ryanhcode.sable.Sable/]: Using game directory relative Sable Rapier native directory E:\MC_Projects\MC_Magic\.minecraft\versions\WizardryCraft\.sable\natives
[0110月2026 14:44:22.552] [Server thread/INFO] [dev.ryanhcode.sable.Sable/]: Creating physics pipeline for ResourceKey[minecraft:dimension / omnira:dream_realm] using RapierPhysicsPipelineProvider
[0110月2026 14:44:22.592] [Server thread/INFO] [dev.ryanhcode.sable.Sable/]: Creating physics pipeline for ResourceKey[minecraft:dimension / minecraft:the_end] using RapierPhysicsPipelineProvider
[0110月2026 14:44:22.630] [Server thread/INFO] [dev.ryanhcode.sable.Sable/]: Creating physics pipeline for ResourceKey[minecraft:dimension / omnira:spacetime_corridor] using RapierPhysicsPipelineProvider
[0110月2026 14:44:22.650] [Server thread/INFO] [dev.ryanhcode.sable.Sable/]: Creating physics pipeline for ResourceKey[minecraft:dimension / minecraft:the_nether] using RapierPhysicsPipelineProvider
[0110月2026 14:44:22.685] [Server thread/INFO] [net.minecraft.server.MinecraftServer/]: Preparing start region for dimension minecraft:overworld
[0110月2026 14:44:22.695] [Server thread/INFO] [KubeJS Server/]: Server resource reload complete!
[0110月2026 14:44:22.956] [Render thread/INFO] [net.minecraft.server.level.progress.LoggerChunkProgressListener/]: 准备生成区域中：0%
[0110月2026 14:44:23.127] [Server thread/INFO] [net.neoforged.neoforge.server.permission.PermissionAPI/]: Successfully initialized permission handler neoforge:default_handler
[0110月2026 14:44:23.132] [Server thread/INFO] [com.yanny.aci.manager.CorePluginManager/]: [ali] Registering server plugin data...
[0110月2026 14:44:23.136] [Render thread/INFO] [net.minecraft.server.level.progress.LoggerChunkProgressListener/]: Time elapsed: 428 ms
[0110月2026 14:44:23.218] [Server thread/INFO] [com.yanny.aci.manager.ManagedRegistry/]: [ali] Registered 8/8 entry factories
[0110月2026 14:44:23.218] [Server thread/INFO] [com.yanny.aci.manager.ManagedRegistry/]: [ali] Registered 6/6 number converters
[0110月2026 14:44:23.218] [Server thread/INFO] [com.yanny.aci.manager.ManagedRegistry/]: [ali] Registered 12 trade item listings
[0110月2026 14:44:23.218] [Server thread/INFO] [com.yanny.aci.manager.ManagedRegistry/]: [ali] Registered 16 trades
[0110月2026 14:44:23.218] [Server thread/INFO] [com.yanny.aci.manager.ManagedRegistry/]: [ali] Registered 8/8 entry tooltips
[0110月2026 14:44:23.218] [Server thread/INFO] [com.yanny.aci.manager.ManagedRegistry/]: [ali] Registered 42/41 function tooltips
[0110月2026 14:44:23.219] [Server thread/INFO] [com.yanny.aci.manager.ManagedRegistry/]: [ali] Registered 31/31 condition tooltips
[0110月2026 14:44:23.219] [Server thread/INFO] [com.yanny.aci.manager.ManagedRegistry/]: [ali] Registered 1 ingredient tooltips
[0110月2026 14:44:23.219] [Server thread/INFO] [com.yanny.aci.manager.ManagedRegistry/]: [ali] Registered 131 value tooltips
[0110月2026 14:44:23.219] [Server thread/INFO] [com.yanny.aci.manager.ManagedRegistry/]: [ali] Registered 15/17 item sub predicate tooltips
[0110月2026 14:44:23.219] [Server thread/INFO] [com.yanny.aci.manager.ManagedRegistry/]: [ali] Registered 19/21 entity sub predicate tooltips
[0110月2026 14:44:23.219] [Server thread/INFO] [com.yanny.aci.manager.ManagedRegistry/]: [ali] Registered 57/154 data component type tooltips
[0110月2026 14:44:23.219] [Server thread/INFO] [com.yanny.aci.manager.ManagedRegistry/]: [ali] Registered 3 chance modifiers
[0110月2026 14:44:23.219] [Server thread/INFO] [com.yanny.aci.manager.ManagedRegistry/]: [ali] Registered 4 count modifiers
[0110月2026 14:44:23.219] [Server thread/INFO] [com.yanny.aci.manager.ManagedRegistry/]: [ali] Registered 15 item stack modifiers
[0110月2026 14:44:23.219] [Server thread/INFO] [com.yanny.aci.manager.ManagedRegistry/]: [ali] Registered 3 global loot modifier page resolvers
[0110月2026 14:44:23.219] [Server thread/INFO] [com.yanny.aci.manager.ManagedRegistry/]: [ali] Registered 0 entity sub-predicate resolvers
[0110月2026 14:44:23.219] [Server thread/INFO] [com.yanny.aci.manager.ManagedRegistry/]: [ali] Registered 13 enum values
[0110月2026 14:44:23.221] [Server thread/INFO] [com.yanny.ali.manager.AliServerRegistry/]: [ali] Registered 0 loot modifiers
[0110月2026 14:44:23.221] [Server thread/INFO] [com.yanny.aci.manager.CorePluginManager/]: [ali] Registering server plugin data finished
[0110月2026 14:44:23.221] [Server thread/INFO] [com.yanny.ali.network.AbstractServer/]: [ali] Started reading loot info
[0110月2026 14:44:23.297] [Server thread/INFO] [com.yanny.ali.network.AbstractServer/]: [ali] Evaluating 0 global loot modifiers against 2202 pages took 0ms
[0110月2026 14:44:23.665] [Server thread/INFO] [com.yanny.ali.network.AbstractServer/]: [ali] Skipped 1258 block loot tables dropping only the block itself
[0110月2026 14:44:23.669] [Server thread/INFO] [com.yanny.ali.network.AbstractServer/]: [ali] Skipped 49 empty or hidden loot tables and 0 injected loot tables
[0110月2026 14:44:23.683] [Server thread/WARN] [com.yanny.ali.network.AbstractServer/]: [ali] No trades defined for minecraft:none
[0110月2026 14:44:23.686] [Server thread/WARN] [com.yanny.ali.network.AbstractServer/]: [ali] No trades defined for minecraft:nitwit
[0110月2026 14:44:23.687] [Server thread/INFO] [com.yanny.ali.network.AbstractServer/]: [ali] Processing 858 loot tables, 17 fake loot tables and 14 trades took 466ms
[0110月2026 14:44:23.812] [Server thread/INFO] [com.yanny.aci.network.NetworkUtils/]: [ali] Compressed data (0.25 MB -> 0.05 MB) and stored in 2 chunk(s)
[0110月2026 14:44:23.848] [Server thread/INFO] [yourscraft.jasdewstarfield.brnquest.BRNQuest/]: [BRNQuest] No author workspace found at E:\MC_Projects\MC_Magic\.minecraft\versions\WizardryCraft\config\brnquest\workspace; automatic deployment skipped
[0110月2026 14:44:24.161] [Server thread/INFO] [net.minecraft.client.server.IntegratedServer/]: Changing view distance to 12, from 10
[0110月2026 14:44:24.161] [Server thread/INFO] [net.minecraft.client.server.IntegratedServer/]: Changing simulation distance to 12, from 0
[0110月2026 14:44:24.456] [Render thread/INFO] [dev.ryanhcode.sable.Sable/]: Adding local UDP server channel future
[0110月2026 14:44:24.474] [Render thread/WARN] [io.netty.bootstrap.Bootstrap/]: Unknown channel option 'SO_BROADCAST' for channel '[id: 0x7f13f685]'
[0110月2026 14:44:24.491] [Netty Server IO #1/INFO] [dev.ryanhcode.sable.Sable/]: Server UDP channel active
[0110月2026 14:44:24.540] [Render thread/INFO] [dev.ryanhcode.sable.Sable/]: Starting local client UDP channel future
[0110月2026 14:44:24.547] [Netty Local Client IO #1/INFO] [dev.ryanhcode.sable.Sable/]: Client UDP channel active
[0110月2026 14:44:24.919] [Render thread/INFO] [com.simibubi.create.Create/]: Created 181 recipes which will be injected into the game
[0110月2026 14:44:24.923] [Render thread/INFO] [com.simibubi.create.Create/]: Created 0 tags which will be injected into the game
[0110月2026 14:44:25.359] [Server thread/INFO] [net.minecraft.server.players.PlayerList/]: Midnight_Pigeon[local:E:c915ff4a] logged in with entity id 58 at (-45.74551019995623, -60.0, -31.421622468167886)
[0110月2026 14:44:25.368] [Server thread/INFO] [dev.ryanhcode.sable.Sable/]: Beginning attempted authentication with player Midnight_Pigeon
[0110月2026 14:44:25.505] [Render thread/INFO] [xaero.hud.minimap.MinimapLogs/]: Minimap required item set to nothing.
[0110月2026 14:44:25.506] [Render thread/INFO] [xaero.hud.minimap.MinimapLogs/]: New Xaero hud session initialized!
[0110月2026 14:44:25.585] [Render thread/INFO] [xaero.map.WorldMap/]: Fullscreen map required item set to nothing.
[0110月2026 14:44:25.594] [Server thread/INFO] [net.minecraft.server.MinecraftServer/]: Midnight_Pigeon加入了游戏
[0110月2026 14:44:25.627] [Render thread/INFO] [xaero.map.WorldMap/]: New world map session initialized!
[0110月2026 14:44:25.784] [Render thread/WARN] [mixin/]: Error loading class: me/jellysquid/mods/sodium/client/render/chunk/RenderSectionManager (java.lang.ClassNotFoundException: me.jellysquid.mods.sodium.client.render.chunk.RenderSectionManager)
[0110月2026 14:44:25.978] [Render thread/WARN] [mixin/]: Mixin apply for mod opticores failed opticore.client.mixins.json:sodium.MixinSodiumBlockRenderer from mod opticores -> net.caffeinemc.mods.sodium.client.render.chunk.compile.pipeline.BlockRenderer: org.spongepowered.asm.mixin.injection.throwables.InvalidInjectionException Invalid descriptor on opticore.client.mixins.json:sodium.MixinSodiumBlockRenderer from mod opticores->@Inject::opticore$cullInnerLeaves(Lnet/minecraft/world/level/BlockAndTintGetter;Lnet/minecraft/world/level/block/state/BlockState;Lnet/minecraft/core/BlockPos;Lnet/minecraft/core/BlockPos;Lorg/spongepowered/asm/mixin/injection/callback/CallbackInfoReturnable;)V! Expected (Lnet/minecraft/client/resources/model/BakedModel;Lnet/minecraft/world/level/block/state/BlockState;Lnet/minecraft/core/BlockPos;Lnet/minecraft/core/BlockPos;Lorg/spongepowered/asm/mixin/injection/callback/CallbackInfo;)V but found (Lnet/minecraft/world/level/BlockAndTintGetter;Lnet/minecraft/world/level/block/state/BlockState;Lnet/minecraft/core/BlockPos;Lnet/minecraft/core/BlockPos;Lorg/spongepowered/asm/mixin/injection/callback/CallbackInfoReturnable;)V [ -> Inject -> opticore.client.mixins.json:sodium.MixinSodiumBlockRenderer from mod opticores->@Inject::opticore$cullInnerLeaves(Lnet/minecraft/world/level/BlockAndTintGetter;Lnet/minecraft/world/level/block/state/BlockState;Lnet/minecraft/core/BlockPos;Lnet/minecraft/core/BlockPos;Lorg/spongepowered/asm/mixin/injection/callback/CallbackInfoReturnable;)V]
org.spongepowered.asm.mixin.injection.throwables.InvalidInjectionException: Invalid descriptor on opticore.client.mixins.json:sodium.MixinSodiumBlockRenderer from mod opticores->@Inject::opticore$cullInnerLeaves(Lnet/minecraft/world/level/BlockAndTintGetter;Lnet/minecraft/world/level/block/state/BlockState;Lnet/minecraft/core/BlockPos;Lnet/minecraft/core/BlockPos;Lorg/spongepowered/asm/mixin/injection/callback/CallbackInfoReturnable;)V! Expected (Lnet/minecraft/client/resources/model/BakedModel;Lnet/minecraft/world/level/block/state/BlockState;Lnet/minecraft/core/BlockPos;Lnet/minecraft/core/BlockPos;Lorg/spongepowered/asm/mixin/injection/callback/CallbackInfo;)V but found (Lnet/minecraft/world/level/BlockAndTintGetter;Lnet/minecraft/world/level/block/state/BlockState;Lnet/minecraft/core/BlockPos;Lnet/minecraft/core/BlockPos;Lorg/spongepowered/asm/mixin/injection/callback/CallbackInfoReturnable;)V [ -> Inject -> opticore.client.mixins.json:sodium.MixinSodiumBlockRenderer from mod opticores->@Inject::opticore$cullInnerLeaves(Lnet/minecraft/world/level/BlockAndTintGetter;Lnet/minecraft/world/level/block/state/BlockState;Lnet/minecraft/core/BlockPos;Lnet/minecraft/core/BlockPos;Lorg/spongepowered/asm/mixin/injection/callback/CallbackInfoReturnable;)V]
	at MC-BOOTSTRAP/org.spongepowered.mixin/org.spongepowered.asm.mixin.injection.callback.CallbackInjector.inject(CallbackInjector.java:560) ~[sponge-mixin-0.15.2+mixin.0.8.7.jar:0.15.2+mixin.0.8.7]
	at MC-BOOTSTRAP/org.spongepowered.mixin/org.spongepowered.asm.mixin.injection.callback.CallbackInjector.inject(CallbackInjector.java:490) ~[sponge-mixin-0.15.2+mixin.0.8.7.jar:0.15.2+mixin.0.8.7]
	at MC-BOOTSTRAP/org.spongepowered.mixin/org.spongepowered.asm.mixin.injection.code.Injector.inject(Injector.java:284) ~[sponge-mixin-0.15.2+mixin.0.8.7.jar:0.15.2+mixin.0.8.7]
	at MC-BOOTSTRAP/org.spongepowered.mixin/org.spongepowered.asm.mixin.injection.struct.InjectionInfo.inject(InjectionInfo.java:508) ~[sponge-mixin-0.15.2+mixin.0.8.7.jar:0.15.2+mixin.0.8.7]
	at MC-BOOTSTRAP/org.spongepowered.mixin/org.spongepowered.asm.mixin.transformer.MixinTargetContext.applyInjections(MixinTargetContext.java:1483) ~[sponge-mixin-0.15.2+mixin.0.8.7.jar:0.15.2+mixin.0.8.7]
	at MC-BOOTSTRAP/org.spongepowered.mixin/org.spongepowered.asm.mixin.transformer.MixinApplicatorStandard.applyInjections(MixinApplicatorStandard.java:752) ~[sponge-mixin-0.15.2+mixin.0.8.7.jar:0.15.2+mixin.0.8.7]
	at MC-BOOTSTRAP/org.spongepowered.mixin/org.spongepowered.asm.mixin.transformer.MixinApplicatorStandard.applyMixin(MixinApplicatorStandard.java:330) ~[sponge-mixin-0.15.2+mixin.0.8.7.jar:0.15.2+mixin.0.8.7]
	at MC-BOOTSTRAP/org.spongepowered.mixin/org.spongepowered.asm.mixin.transformer.MixinApplicatorStandard.apply(MixinApplicatorStandard.java:246) ~[sponge-mixin-0.15.2+mixin.0.8.7.jar:0.15.2+mixin.0.8.7]
	at MC-BOOTSTRAP/org.spongepowered.mixin/org.spongepowered.asm.mixin.transformer.TargetClassContext.apply(TargetClassContext.java:437) ~[sponge-mixin-0.15.2+mixin.0.8.7.jar:0.15.2+mixin.0.8.7]
	at MC-BOOTSTRAP/org.spongepowered.mixin/org.spongepowered.asm.mixin.transformer.TargetClassContext.applyMixins(TargetClassContext.java:418) ~[sponge-mixin-0.15.2+mixin.0.8.7.jar:0.15.2+mixin.0.8.7]
	at MC-BOOTSTRAP/org.spongepowered.mixin/org.spongepowered.asm.mixin.transformer.MixinProcessor.applyMixins(MixinProcessor.java:363) ~[sponge-mixin-0.15.2+mixin.0.8.7.jar:0.15.2+mixin.0.8.7]
	at MC-BOOTSTRAP/org.spongepowered.mixin/org.spongepowered.asm.mixin.transformer.MixinTransformer.transformClass(MixinTransformer.java:250) ~[sponge-mixin-0.15.2+mixin.0.8.7.jar:0.15.2+mixin.0.8.7]
	at MC-BOOTSTRAP/org.spongepowered.mixin/org.spongepowered.asm.service.modlauncher.MixinTransformationHandler.processClass(MixinTransformationHandler.java:131) ~[sponge-mixin-0.15.2+mixin.0.8.7.jar:0.15.2+mixin.0.8.7]
	at MC-BOOTSTRAP/org.spongepowered.mixin/org.spongepowered.asm.launch.MixinLaunchPluginLegacy.processClass(MixinLaunchPluginLegacy.java:131) ~[sponge-mixin-0.15.2+mixin.0.8.7.jar:0.15.2+mixin.0.8.7]
	at MC-BOOTSTRAP/cpw.mods.modlauncher@11.0.5/cpw.mods.modlauncher.serviceapi.ILaunchPluginService.processClassWithFlags(ILaunchPluginService.java:156) ~[modlauncher-11.0.5.jar:11.0.5+main.901c6ea8]
	at MC-BOOTSTRAP/cpw.mods.modlauncher@11.0.5/cpw.mods.modlauncher.LaunchPluginHandler.offerClassNodeToPlugins(LaunchPluginHandler.java:94) ~[modlauncher-11.0.5.jar:?]
	at MC-BOOTSTRAP/cpw.mods.modlauncher@11.0.5/cpw.mods.modlauncher.ClassTransformer.transform(ClassTransformer.java:120) ~[modlauncher-11.0.5.jar:?]
	at MC-BOOTSTRAP/cpw.mods.modlauncher@11.0.5/cpw.mods.modlauncher.TransformingClassLoader.maybeTransformClassBytes(TransformingClassLoader.java:57) ~[modlauncher-11.0.5.jar:?]
	at cpw.mods.securejarhandler/cpw.mods.cl.ModuleClassLoader.readerToClass(ModuleClassLoader.java:190) ~[securejarhandler-3.0.8.jar:?]
	at cpw.mods.securejarhandler/cpw.mods.cl.ModuleClassLoader.lambda$findClass$20(ModuleClassLoader.java:298) ~[securejarhandler-3.0.8.jar:?]
	at cpw.mods.securejarhandler/cpw.mods.cl.ModuleClassLoader.loadFromModule(ModuleClassLoader.java:311) ~[securejarhandler-3.0.8.jar:?]
	at cpw.mods.securejarhandler/cpw.mods.cl.ModuleClassLoader.findClass(ModuleClassLoader.java:298) ~[securejarhandler-3.0.8.jar:?]
	at cpw.mods.securejarhandler/cpw.mods.cl.ModuleClassLoader.loadClass(ModuleClassLoader.java:214) ~[securejarhandler-3.0.8.jar:?]
	at java.base/java.lang.ClassLoader.loadClass(ClassLoader.java:526) ~[?:?]
	at TRANSFORMER/sodium@0.8.13+mc1.21.1/net.caffeinemc.mods.sodium.client.render.chunk.compile.pipeline.BlockRenderCache.<init>(BlockRenderCache.java:30) ~[net.caffeinemc.sodium-neoforge-0.8.13+mc1.21.1-mod.jar%23219!/:?]
	at TRANSFORMER/sodium@0.8.13+mc1.21.1/net.caffeinemc.mods.sodium.client.render.chunk.compile.ChunkBuildContext.<init>(ChunkBuildContext.java:14) ~[net.caffeinemc.sodium-neoforge-0.8.13+mc1.21.1-mod.jar%23219!/:?]
	at TRANSFORMER/sodium@0.8.13+mc1.21.1/net.caffeinemc.mods.sodium.client.render.chunk.compile.executor.ChunkBuilder.<init>(ChunkBuilder.java:31) ~[net.caffeinemc.sodium-neoforge-0.8.13+mc1.21.1-mod.jar%23219!/:?]
	at TRANSFORMER/sodium@0.8.13+mc1.21.1/net.caffeinemc.mods.sodium.client.render.chunk.RenderSectionManager.<init>(RenderSectionManager.java:127) ~[net.caffeinemc.sodium-neoforge-0.8.13+mc1.21.1-mod.jar%23219!/:?]
	at TRANSFORMER/sodium@0.8.13+mc1.21.1/net.caffeinemc.mods.sodium.client.render.SodiumWorldRenderer.initRenderer(SodiumWorldRenderer.java:303) ~[net.caffeinemc.sodium-neoforge-0.8.13+mc1.21.1-mod.jar%23219!/:?]
	at TRANSFORMER/sodium@0.8.13+mc1.21.1/net.caffeinemc.mods.sodium.client.render.SodiumWorldRenderer.loadLevel(SodiumWorldRenderer.java:123) ~[net.caffeinemc.sodium-neoforge-0.8.13+mc1.21.1-mod.jar%23219!/:?]
	at TRANSFORMER/sodium@0.8.13+mc1.21.1/net.caffeinemc.mods.sodium.client.render.SodiumWorldRenderer.setLevel(SodiumWorldRenderer.java:115) ~[net.caffeinemc.sodium-neoforge-0.8.13+mc1.21.1-mod.jar%23219!/:?]
	at TRANSFORMER/minecraft@1.21.1/net.minecraft.client.renderer.LevelRenderer.handler$cco000$sodium$onWorldChanged(LevelRenderer.java:15772) ~[client-1.21.1-20240808.144430-srg.jar%23217!/:?]
	at TRANSFORMER/minecraft@1.21.1/net.minecraft.client.renderer.LevelRenderer.setLevel(LevelRenderer.java:699) ~[client-1.21.1-20240808.144430-srg.jar%23217!/:?]
	at TRANSFORMER/minecraft@1.21.1/net.minecraft.client.Minecraft.updateLevelInEngines(Minecraft.java:2239) ~[client-1.21.1-20240808.144430-srg.jar%23217!/:?]
	at TRANSFORMER/minecraft@1.21.1/net.minecraft.client.Minecraft.setLevel(Minecraft.java:2117) ~[client-1.21.1-20240808.144430-srg.jar%23217!/:?]
	at TRANSFORMER/minecraft@1.21.1/net.minecraft.client.multiplayer.ClientPacketListener.handleLogin(ClientPacketListener.java:421) ~[client-1.21.1-20240808.144430-srg.jar%23217!/:?]
	at TRANSFORMER/minecraft@1.21.1/net.minecraft.network.protocol.game.ClientboundLoginPacket.handle(ClientboundLoginPacket.java:69) ~[client-1.21.1-20240808.144430-srg.jar%23217!/:?]
	at TRANSFORMER/minecraft@1.21.1/net.minecraft.network.protocol.game.ClientboundLoginPacket.handle(ClientboundLoginPacket.java:17) ~[client-1.21.1-20240808.144430-srg.jar%23217!/:?]
	at TRANSFORMER/minecraft@1.21.1/net.minecraft.network.protocol.PacketUtils.lambda$ensureRunningOnSameThread$0(PacketUtils.java:27) ~[client-1.21.1-20240808.144430-srg.jar%23217!/:?]
	at TRANSFORMER/minecraft@1.21.1/net.minecraft.util.thread.BlockableEventLoop.doRunTask(BlockableEventLoop.java:148) ~[client-1.21.1-20240808.144430-srg.jar%23217!/:?]
	at TRANSFORMER/minecraft@1.21.1/net.minecraft.util.thread.ReentrantBlockableEventLoop.doRunTask(ReentrantBlockableEventLoop.java:23) ~[client-1.21.1-20240808.144430-srg.jar%23217!/:?]
	at TRANSFORMER/minecraft@1.21.1/net.minecraft.util.thread.BlockableEventLoop.pollTask(BlockableEventLoop.java:122) ~[client-1.21.1-20240808.144430-srg.jar%23217!/:?]
	at TRANSFORMER/minecraft@1.21.1/net.minecraft.util.thread.BlockableEventLoop.runAllTasks(BlockableEventLoop.java:111) ~[client-1.21.1-20240808.144430-srg.jar%23217!/:?]
	at TRANSFORMER/minecraft@1.21.1/net.minecraft.client.Minecraft.runTick(Minecraft.java:1155) ~[client-1.21.1-20240808.144430-srg.jar%23217!/:?]
	at TRANSFORMER/minecraft@1.21.1/net.minecraft.client.Minecraft.run(Minecraft.java:807) ~[client-1.21.1-20240808.144430-srg.jar%23217!/:?]
	at TRANSFORMER/minecraft@1.21.1/net.minecraft.client.main.Main.main(Main.java:230) ~[client-1.21.1-20240808.144430-srg.jar%23217!/:?]
	at java.base/jdk.internal.reflect.DirectMethodHandleAccessor.invoke(DirectMethodHandleAccessor.java:103) ~[?:?]
	at java.base/java.lang.reflect.Method.invoke(Method.java:580) ~[?:?]
	at MC-BOOTSTRAP/fml_loader@4.0.44/net.neoforged.fml.loading.targets.CommonLaunchHandler.runTarget(CommonLaunchHandler.java:136) ~[loader-4.0.44.jar%23107!/:4.0]
	at MC-BOOTSTRAP/fml_loader@4.0.44/net.neoforged.fml.loading.targets.CommonLaunchHandler.clientService(CommonLaunchHandler.java:124) ~[loader-4.0.44.jar%23107!/:4.0]
	at MC-BOOTSTRAP/fml_loader@4.0.44/net.neoforged.fml.loading.targets.CommonClientLaunchHandler.runService(CommonClientLaunchHandler.java:32) ~[loader-4.0.44.jar%23107!/:4.0]
	at MC-BOOTSTRAP/fml_loader@4.0.44/net.neoforged.fml.loading.targets.CommonLaunchHandler.lambda$launchService$4(CommonLaunchHandler.java:118) ~[loader-4.0.44.jar%23107!/:4.0]
	at MC-BOOTSTRAP/cpw.mods.modlauncher@11.0.5/cpw.mods.modlauncher.LaunchServiceHandlerDecorator.launch(LaunchServiceHandlerDecorator.java:30) [modlauncher-11.0.5.jar%23112!/:?]
	at MC-BOOTSTRAP/cpw.mods.modlauncher@11.0.5/cpw.mods.modlauncher.LaunchServiceHandler.launch(LaunchServiceHandler.java:53) [modlauncher-11.0.5.jar%23112!/:?]
	at MC-BOOTSTRAP/cpw.mods.modlauncher@11.0.5/cpw.mods.modlauncher.LaunchServiceHandler.launch(LaunchServiceHandler.java:71) [modlauncher-11.0.5.jar%23112!/:?]
	at MC-BOOTSTRAP/cpw.mods.modlauncher@11.0.5/cpw.mods.modlauncher.Launcher.run(Launcher.java:103) [modlauncher-11.0.5.jar%23112!/:?]
	at MC-BOOTSTRAP/cpw.mods.modlauncher@11.0.5/cpw.mods.modlauncher.Launcher.main(Launcher.java:74) [modlauncher-11.0.5.jar%23112!/:?]
	at MC-BOOTSTRAP/cpw.mods.modlauncher@11.0.5/cpw.mods.modlauncher.BootstrapLaunchConsumer.accept(BootstrapLaunchConsumer.java:26) [modlauncher-11.0.5.jar%23112!/:?]
	at MC-BOOTSTRAP/cpw.mods.modlauncher@11.0.5/cpw.mods.modlauncher.BootstrapLaunchConsumer.accept(BootstrapLaunchConsumer.java:23) [modlauncher-11.0.5.jar%23112!/:?]
	at cpw.mods.bootstraplauncher@2.0.2/cpw.mods.bootstraplauncher.BootstrapLauncher.run(BootstrapLauncher.java:210) [bootstraplauncher-2.0.2.jar:?]
	at cpw.mods.bootstraplauncher@2.0.2/cpw.mods.bootstraplauncher.BootstrapLauncher.main(BootstrapLauncher.java:69) [bootstraplauncher-2.0.2.jar:?]
[0110月2026 14:44:26.076] [Render thread/INFO] [ChunkBuilder/]: Started 10 worker threads
[0110月2026 14:44:26.257] [Render thread/INFO] [com.yanny.aci.manager.CoreClientRegistry/]: [ali] Player login received
[0110月2026 14:44:26.268] [Render thread/INFO] [flywheel/]: Started 10 worker threads
[0110月2026 14:44:26.387] [Render thread/INFO] [mezz.jei.common.util.LoggedTimer/]: Starting JEI...
[0110月2026 14:44:26.389] [Render thread/INFO] [mezz.jei.library.load.PluginCaller/]: Configuring JEI...
[0110月2026 14:44:26.391] [Render thread/INFO] [mezz.jei.library.load.PluginCaller/]: Configuring JEI took 2.191 milliseconds
[0110月2026 14:44:26.406] [Render thread/INFO] [mezz.jei.library.load.PluginCaller/]: Registering item subtypes...
[0110月2026 14:44:26.417] [Render thread/INFO] [mezz.jei.library.load.PluginCallerTimerRunnable/]: Registering item subtypes: jei:minecraft took 11.00 milliseconds
[0110月2026 14:44:26.421] [Render thread/INFO] [mezz.jei.library.load.PluginCaller/]: Registering item subtypes took 15.90 milliseconds
[0110月2026 14:44:26.422] [Render thread/INFO] [mezz.jei.library.load.PluginCaller/]: Registering fluid subtypes...
[0110月2026 14:44:26.429] [Render thread/INFO] [mezz.jei.library.load.PluginCaller/]: Registering fluid subtypes took 5.890 milliseconds
[0110月2026 14:44:26.436] [Render thread/INFO] [mezz.jei.library.load.PluginCaller/]: Registering ingredients...
[0110月2026 14:44:26.645] [Render thread/WARN] [mezz.jei.library.plugins.vanilla.ingredients.ItemStackListFactory/]: Item Group has no display items and no search tab display items. Items from this group will be missing from the JEI ingredient list. K.KubeJS
[0110月2026 14:44:26.737] [Render thread/INFO] [mezz.jei.library.load.PluginCallerTimerRunnable/]: Registering ingredients: jei:minecraft took 299.9 milliseconds
[0110月2026 14:44:26.739] [Render thread/INFO] [mezz.jei.library.load.PluginCaller/]: Registering ingredients took 302.4 milliseconds
[0110月2026 14:44:26.740] [Render thread/INFO] [mezz.jei.library.load.PluginCaller/]: Registering extra ingredients...
[0110月2026 14:44:26.763] [Render thread/INFO] [mezz.jei.library.load.PluginCallerTimerRunnable/]: Registering extra ingredients: omnira:workstations took 12.80 milliseconds
[0110月2026 14:44:26.765] [Render thread/INFO] [mezz.jei.library.load.PluginCaller/]: Registering extra ingredients took 24.74 milliseconds
[0110月2026 14:44:26.766] [Render thread/INFO] [mezz.jei.library.load.PluginCaller/]: Registering search ingredient aliases...
[0110月2026 14:44:26.770] [Render thread/INFO] [mezz.jei.library.load.PluginCaller/]: Registering search ingredient aliases took 2.272 milliseconds
[0110月2026 14:44:26.815] [Render thread/INFO] [mezz.jei.library.load.PluginCaller/]: Registering Mod Info...
[0110月2026 14:44:26.859] [Render thread/INFO] [mezz.jei.library.load.PluginCallerTimerRunnable/]: Registering Mod Info: simulated:jei_plugin took 42.63 milliseconds
[0110月2026 14:44:26.860] [Render thread/INFO] [mezz.jei.library.load.PluginCaller/]: Registering Mod Info took 44.52 milliseconds
[0110月2026 14:44:26.920] [Render thread/INFO] [mezz.jei.library.load.PluginCaller/]: Registering advanced search...
[0110月2026 14:44:26.921] [Render thread/INFO] [mezz.jei.library.load.PluginCaller/]: Registering advanced search took 1.222 milliseconds
[0110月2026 14:44:26.922] [Render thread/INFO] [mezz.jei.library.load.PluginCaller/]: Registering categories...
[0110月2026 14:44:27.002] [Render thread/INFO] [mezz.jei.library.load.PluginCallerTimerRunnable/]: Registering categories: jei:minecraft took 78.75 milliseconds
[0110月2026 14:44:27.125] [Render thread/INFO] [mezz.jei.library.load.PluginCallerTimerRunnable/]: Registering categories: create:jei_plugin took 121.3 milliseconds
[0110月2026 14:44:27.156] [Render thread/INFO] [mezz.jei.library.load.PluginCallerTimerRunnable/]: Registering categories: omnira:workstations took 27.47 milliseconds
[0110月2026 14:44:27.192] [Render thread/INFO] [mezz.jei.library.load.PluginCallerTimerRunnable/]: Registering categories: ali:jei_plugin took 27.60 milliseconds
[0110月2026 14:44:27.195] [Render thread/INFO] [mezz.jei.library.load.PluginCaller/]: Registering categories took 271.2 milliseconds
[0110月2026 14:44:27.197] [Render thread/INFO] [mezz.jei.library.load.PluginCaller/]: Registering vanilla category extensions...
[0110月2026 14:44:27.210] [Render thread/INFO] [mezz.jei.library.load.PluginCallerTimerRunnable/]: Registering vanilla category extensions: jei:minecraft took 11.64 milliseconds
[0110月2026 14:44:27.212] [Render thread/INFO] [mezz.jei.library.load.PluginCaller/]: Registering vanilla category extensions took 13.78 milliseconds
[0110月2026 14:44:27.214] [Render thread/INFO] [mezz.jei.library.load.PluginCaller/]: Registering recipe catalysts...
[0110月2026 14:44:27.230] [Render thread/INFO] [mezz.jei.library.load.PluginCaller/]: Registering recipe catalysts took 15.47 milliseconds
[0110月2026 14:44:27.231] [Render thread/INFO] [mezz.jei.common.util.LoggedTimer/]: Building recipe registry...
[0110月2026 14:44:27.278] [Render thread/INFO] [mezz.jei.common.util.LoggedTimer/]: Building recipe registry took 46.44 milliseconds
[0110月2026 14:44:27.282] [Render thread/INFO] [mezz.jei.library.load.PluginCaller/]: Registering advanced plugins...
[0110月2026 14:44:27.285] [Render thread/INFO] [mezz.jei.library.load.PluginCaller/]: Registering advanced plugins took 2.498 milliseconds
[0110月2026 14:44:27.287] [Render thread/INFO] [mezz.jei.library.load.PluginCaller/]: Registering recipes...
[0110月2026 14:44:27.910] [Render thread/INFO] [mezz.jei.library.load.PluginCallerTimerRunnable/]: Registering recipes: jei:minecraft took 623.0 milliseconds
[0110月2026 14:44:28.172] [Render thread/INFO] [mezz.jei.library.load.PluginCallerTimerRunnable/]: Registering recipes: create:jei_plugin took 260.9 milliseconds
[0110月2026 14:44:28.376] [Render thread/INFO] [mezz.jei.library.load.PluginCallerTimerRunnable/]: Registering recipes: omnira:workstations took 194.3 milliseconds
[0110月2026 14:44:28.382] [Render thread/INFO] [com.yanny.ali.compatibility.common.GenericUtils/]: [ali] Starting data registration...
[0110月2026 14:44:28.383] [Render thread/INFO] [com.yanny.ali.compatibility.common.GenericUtils/]: [ali] Data not ready. Requesting data from server (Attempt 1/3)
[0110月2026 14:44:28.384] [Server thread/INFO] [com.yanny.ali.network.AbstractServer/]: [ali] Started syncing loot info to Midnight_Pigeon
[0110月2026 14:44:28.385] [Server thread/INFO] [com.yanny.ali.network.AbstractServer/]: [ali] Finished syncing loot info to Midnight_Pigeon
[0110月2026 14:44:28.389] [Netty Local Client IO #0/INFO] [com.yanny.aci.manager.CoreClientRegistry/]: [ali] Started receiving data
[0110月2026 14:44:28.390] [Render thread/INFO] [com.yanny.ali.jei.compatibility.JeiCompatibility/]: [ali] Adding loot information to JEI
[0110月2026 14:44:28.390] [Netty Local Client IO #0/INFO] [com.yanny.aci.manager.CoreClientRegistry/]: [ali] Received last 2 chunk(s). Done receiving data.
[0110月2026 14:44:28.391] [Netty Local Client IO #0/INFO] [com.yanny.aci.manager.CoreClientRegistry/]: [ali] Finished receiving data
[0110月2026 14:44:28.667] [Render thread/INFO] [com.yanny.ali.compatibility.common.GenericUtils/]: [ali] Data registration finished successfully.
[0110月2026 14:44:28.667] [Render thread/INFO] [mezz.jei.library.load.PluginCallerTimerRunnable/]: Registering recipes: ali:jei_plugin took 287.7 milliseconds
[0110月2026 14:44:28.667] [Render thread/INFO] [mezz.jei.library.load.PluginCaller/]: Registering recipes took 1.380 seconds
[0110月2026 14:44:28.689] [Render thread/INFO] [mezz.jei.library.load.PluginCaller/]: Registering recipes transfer handlers...
[0110月2026 14:44:28.702] [Render thread/INFO] [mezz.jei.library.load.PluginCaller/]: Registering recipes transfer handlers took 14.08 milliseconds
[0110月2026 14:44:28.719] [Render thread/INFO] [mezz.jei.common.util.LoggedTimer/]: Building runtime...
[0110月2026 14:44:28.724] [Render thread/INFO] [mezz.jei.library.load.PluginCaller/]: Registering gui handlers...
[0110月2026 14:44:28.751] [Render thread/INFO] [mezz.jei.library.load.PluginCallerTimerRunnable/]: Registering gui handlers: jei:gui took 18.14 milliseconds
[0110月2026 14:44:28.759] [Render thread/INFO] [mezz.jei.library.load.PluginCaller/]: Registering gui handlers took 34.43 milliseconds
[0110月2026 14:44:28.770] [Render thread/INFO] [mezz.jei.library.load.PluginCaller/]: Registering Runtime...
[0110月2026 14:44:28.775] [Render thread/INFO] [mezz.jei.gui.startup.JeiGuiStarter/]: Starting JEI GUI
[0110月2026 14:44:28.782] [Render thread/INFO] [mezz.jei.common.util.LoggedTimer/]: Building ingredient list...
[0110月2026 14:44:28.923] [Render thread/INFO] [mezz.jei.common.util.LoggedTimer/]: Building ingredient list took 142.6 milliseconds
[0110月2026 14:44:28.923] [Render thread/INFO] [mezz.jei.common.util.LoggedTimer/]: Building ingredient filter...
[0110月2026 14:44:29.846] [Render thread/INFO] [mezz.jei.gui.ingredients.IngredientFilter/]: Adding 2855 ingredients
[0110月2026 14:44:30.084] [Render thread/INFO] [mezz.jei.gui.ingredients.IngredientFilter/]: Added 2855 ingredients
[0110月2026 14:44:30.086] [Render thread/INFO] [mezz.jei.common.util.LoggedTimer/]: Building ingredient filter took 1.162 seconds
[0110月2026 14:44:30.419] [Render thread/INFO] [mezz.jei.library.load.PluginCallerTimerRunnable/]: Registering Runtime: jei:neoforge_gui took 1.646 seconds
[0110月2026 14:44:30.419] [Render thread/INFO] [mezz.jei.library.load.PluginCaller/]: Registering Runtime took 1.648 seconds
[0110月2026 14:44:30.421] [Render thread/INFO] [mezz.jei.common.util.LoggedTimer/]: Building runtime took 1.700 seconds
[0110月2026 14:44:30.421] [Render thread/INFO] [mezz.jei.library.load.PluginCaller/]: Sending Runtime...
[0110月2026 14:44:30.423] [Render thread/INFO] [mezz.jei.library.ingredients.IngredientManager/]: Ingredients are being removed at runtime: 2 net.minecraft.world.item.ItemStack
[0110月2026 14:44:30.429] [Render thread/INFO] [mezz.jei.library.load.PluginCaller/]: Sending Runtime took 7.886 milliseconds
[0110月2026 14:44:30.429] [Render thread/INFO] [mezz.jei.common.util.LoggedTimer/]: Starting JEI took 4.041 seconds
[0110月2026 14:44:30.458] [Render thread/INFO] [xaero.hud.minimap.MinimapLogs/]: Minimap updated server level id: 476189868 for world ResourceKey[minecraft:dimension / minecraft:overworld]
[0110月2026 14:44:30.476] [Render thread/INFO] [snownee.jade.Jade/]: Received config from the server: 
[0110月2026 14:44:30.488] [Render thread/INFO] [net.minecraft.advancements.AdvancementTree/]: Loaded 424 advancements
[0110月2026 14:44:31.419] [Render thread/INFO] [Veil/]: Multi-Bind supported, using core
[0110月2026 14:44:31.594] [Render thread/INFO] [xaero.hud.minimap.MinimapLogs/]: Reloading radar icon resources...
[0110月2026 14:44:31.638] [Render thread/INFO] [xaero.hud.minimap.MinimapLogs/]: Reloaded radar icon resources!
[0110月2026 14:44:31.677] [Render thread/WARN] [Sodium-VertexConsumerTracker/]: Class com.mojang.blaze3d.vertex.VertexMultiConsumer$Double does not support optimized vertex writing code paths, which may cause reduced rendering performance
[0110月2026 14:44:32.450] [Server thread/INFO] [net.minecraft.client.server.IntegratedServer/]: Saving and pausing game...
[0110月2026 14:44:32.524] [Server thread/INFO] [net.minecraft.server.MinecraftServer/]: Saving chunks for level 'ServerLevel[TEST]'/minecraft:overworld
[0110月2026 14:44:32.525] [Server thread/INFO] [dev.ryanhcode.sable.Sable/]: Saving sub-levels for level 'ServerLevel[TEST]'/minecraft:overworld
[0110月2026 14:44:32.586] [Server thread/INFO] [net.minecraft.server.MinecraftServer/]: Saving chunks for level 'ServerLevel[TEST]'/omnira:dream_realm
[0110月2026 14:44:32.586] [Server thread/INFO] [dev.ryanhcode.sable.Sable/]: Saving sub-levels for level 'ServerLevel[TEST]'/omnira:dream_realm
[0110月2026 14:44:32.587] [Server thread/INFO] [net.minecraft.server.MinecraftServer/]: Saving chunks for level 'ServerLevel[TEST]'/minecraft:the_end
[0110月2026 14:44:32.587] [Server thread/INFO] [dev.ryanhcode.sable.Sable/]: Saving sub-levels for level 'ServerLevel[TEST]'/minecraft:the_end
[0110月2026 14:44:32.588] [Server thread/INFO] [net.minecraft.server.MinecraftServer/]: Saving chunks for level 'ServerLevel[TEST]'/omnira:spacetime_corridor
[0110月2026 14:44:32.588] [Server thread/INFO] [dev.ryanhcode.sable.Sable/]: Saving sub-levels for level 'ServerLevel[TEST]'/omnira:spacetime_corridor
[0110月2026 14:44:32.588] [Server thread/INFO] [net.minecraft.server.MinecraftServer/]: Saving chunks for level 'ServerLevel[TEST]'/minecraft:the_nether
[0110月2026 14:44:32.589] [Server thread/INFO] [dev.ryanhcode.sable.Sable/]: Saving sub-levels for level 'ServerLevel[TEST]'/minecraft:the_nether
[0110月2026 14:44:47.738] [Render thread/INFO] [com.sablexaeromaps.SableXaeroMaps/]: held map images for this world live in E:\MC_Projects\MC_Magic\.minecraft\versions\WizardryCraft\sablexaeromaps\sp_e__mc_projects_mc_magic_.minecraft_ve-e09d834b5e33\minecraft_overworld-41fa841117c1.nbt
[0110月2026 14:44:47.998] [Render thread/WARN] [Sodium-VertexConsumerTracker/]: Class com.mcmagic.omnira.client.renderer.AdvancedForgeRenderer$Tint does not support optimized vertex writing code paths, which may cause reduced rendering performance
[0110月2026 14:45:33.049] [Server thread/INFO] [net.minecraft.client.server.IntegratedServer/]: Saving and pausing game...
[0110月2026 14:45:33.078] [Server thread/INFO] [net.minecraft.server.MinecraftServer/]: Saving chunks for level 'ServerLevel[TEST]'/minecraft:overworld
[0110月2026 14:45:33.078] [Server thread/INFO] [dev.ryanhcode.sable.Sable/]: Saving sub-levels for level 'ServerLevel[TEST]'/minecraft:overworld
[0110月2026 14:45:33.098] [Server thread/INFO] [net.minecraft.server.MinecraftServer/]: Saving chunks for level 'ServerLevel[TEST]'/omnira:dream_realm
[0110月2026 14:45:33.099] [Server thread/INFO] [dev.ryanhcode.sable.Sable/]: Saving sub-levels for level 'ServerLevel[TEST]'/omnira:dream_realm
[0110月2026 14:45:33.099] [Server thread/INFO] [net.minecraft.server.MinecraftServer/]: Saving chunks for level 'ServerLevel[TEST]'/minecraft:the_end
[0110月2026 14:45:33.099] [Server thread/INFO] [dev.ryanhcode.sable.Sable/]: Saving sub-levels for level 'ServerLevel[TEST]'/minecraft:the_end
[0110月2026 14:45:33.099] [Server thread/INFO] [net.minecraft.server.MinecraftServer/]: Saving chunks for level 'ServerLevel[TEST]'/omnira:spacetime_corridor
[0110月2026 14:45:33.099] [Server thread/INFO] [dev.ryanhcode.sable.Sable/]: Saving sub-levels for level 'ServerLevel[TEST]'/omnira:spacetime_corridor
[0110月2026 14:45:33.106] [Server thread/INFO] [net.minecraft.server.MinecraftServer/]: Saving chunks for level 'ServerLevel[TEST]'/minecraft:the_nether
[0110月2026 14:45:33.106] [Server thread/INFO] [dev.ryanhcode.sable.Sable/]: Saving sub-levels for level 'ServerLevel[TEST]'/minecraft:the_nether
[0110月2026 14:45:34.804] [Render thread/INFO] [team.lodestar.lodestone.LodestoneLib/]: Shutting down Lodestone
[0110月2026 14:45:34.804] [Render thread/INFO] [mezz.jei.library.startup.JeiStarter/]: Stopping JEI
[0110月2026 14:45:34.804] [Render thread/INFO] [mezz.jei.library.load.PluginCaller/]: Sending Runtime Unavailable...
[0110月2026 14:45:34.805] [Render thread/INFO] [mezz.jei.neoforge.plugins.neoforge.NeoForgeGuiPlugin/]: Stopping JEI GUI
[0110月2026 14:45:34.806] [Render thread/INFO] [mezz.jei.library.load.PluginCaller/]: Sending Runtime Unavailable took 1.961 milliseconds
[0110月2026 14:45:34.837] [Render thread/INFO] [net.minecraft.client.Minecraft/]: Stopping!
[0110月2026 14:45:34.840] [Netty Local Client IO #1/INFO] [dev.ryanhcode.sable.Sable/]: Client UDP channel inactive
[0110月2026 14:45:34.841] [Netty Local Client IO #1/INFO] [dev.ryanhcode.sable.Sable/]: Closed UDP channel!
[0110月2026 14:45:34.841] [Render thread/INFO] [xaero.hud.minimap.MinimapLogs/]: Xaero hud session finalized.
[0110月2026 14:45:34.841] [Render thread/INFO] [xaero.map.WorldMap/]: Finalizing world map session...
[0110月2026 14:45:34.889] [Thread-9/INFO] [xaero.map.WorldMap/]: World map cleaned normally!
[0110月2026 14:45:34.945] [Render thread/INFO] [xaero.map.WorldMap/]: World map session finalized.
[0110月2026 14:45:34.947] [Render thread/INFO] [com.yanny.aci.manager.CoreClientRegistry/]: [ali] Player logout received
[0110月2026 14:45:34.948] [Render thread/INFO] [com.yanny.aci.manager.CoreClientRegistry/]: [ali] Cleared data
[0110月2026 14:45:35.012] [Server thread/INFO] [net.minecraft.server.network.ServerGamePacketListenerImpl/]: Midnight_Pigeon lost connection: 连接中断
[0110月2026 14:45:35.012] [Server thread/INFO] [net.minecraft.server.MinecraftServer/]: Midnight_Pigeon退出了游戏
[0110月2026 14:45:35.048] [Server thread/INFO] [net.minecraft.server.network.ServerCommonPacketListenerImpl/]: Stopping singleplayer server as player logged out
[0110月2026 14:45:35.099] [Server thread/INFO] [com.yanny.aci.manager.CorePluginManager/]: [ali] Deregistering server plugin data...
[0110月2026 14:45:35.100] [Server thread/INFO] [com.yanny.aci.manager.CorePluginManager/]: [ali] Deregistering server plugin data finished
[0110月2026 14:45:35.101] [Server thread/INFO] [net.minecraft.server.MinecraftServer/]: Stopping server
[0110月2026 14:45:35.101] [Server thread/INFO] [net.minecraft.server.MinecraftServer/]: Saving players
[0110月2026 14:45:35.101] [Server thread/INFO] [net.minecraft.server.MinecraftServer/]: Saving worlds
[0110月2026 14:45:35.175] [Server thread/INFO] [net.minecraft.server.MinecraftServer/]: Saving chunks for level 'ServerLevel[TEST]'/minecraft:overworld
[0110月2026 14:45:35.175] [Server thread/INFO] [dev.ryanhcode.sable.Sable/]: Saving sub-levels for level 'ServerLevel[TEST]'/minecraft:overworld
[0110月2026 14:45:35.260] [Server thread/INFO] [net.minecraft.server.MinecraftServer/]: Saving chunks for level 'ServerLevel[TEST]'/omnira:dream_realm
[0110月2026 14:45:35.260] [Server thread/INFO] [dev.ryanhcode.sable.Sable/]: Saving sub-levels for level 'ServerLevel[TEST]'/omnira:dream_realm
[0110月2026 14:45:35.273] [Server thread/INFO] [net.minecraft.server.MinecraftServer/]: Saving chunks for level 'ServerLevel[TEST]'/minecraft:the_end
[0110月2026 14:45:35.273] [Server thread/INFO] [dev.ryanhcode.sable.Sable/]: Saving sub-levels for level 'ServerLevel[TEST]'/minecraft:the_end
[0110月2026 14:45:35.284] [Server thread/INFO] [net.minecraft.server.MinecraftServer/]: Saving chunks for level 'ServerLevel[TEST]'/omnira:spacetime_corridor
[0110月2026 14:45:35.284] [Server thread/INFO] [dev.ryanhcode.sable.Sable/]: Saving sub-levels for level 'ServerLevel[TEST]'/omnira:spacetime_corridor
[0110月2026 14:45:35.295] [Server thread/INFO] [net.minecraft.server.MinecraftServer/]: Saving chunks for level 'ServerLevel[TEST]'/minecraft:the_nether
[0110月2026 14:45:35.295] [Server thread/INFO] [dev.ryanhcode.sable.Sable/]: Saving sub-levels for level 'ServerLevel[TEST]'/minecraft:the_nether
[0110月2026 14:45:35.316] [Server thread/INFO] [net.minecraft.server.MinecraftServer/]: ThreadedAnvilChunkStorage (TEST): All chunks are saved
[0110月2026 14:45:35.316] [Server thread/INFO] [net.minecraft.server.MinecraftServer/]: ThreadedAnvilChunkStorage (dream_realm): All chunks are saved
[0110月2026 14:45:35.316] [Server thread/INFO] [net.minecraft.server.MinecraftServer/]: ThreadedAnvilChunkStorage (DIM1): All chunks are saved
[0110月2026 14:45:35.316] [Server thread/INFO] [net.minecraft.server.MinecraftServer/]: ThreadedAnvilChunkStorage (spacetime_corridor): All chunks are saved
[0110月2026 14:45:35.316] [Server thread/INFO] [net.minecraft.server.MinecraftServer/]: ThreadedAnvilChunkStorage (DIM-1): All chunks are saved
[0110月2026 14:45:35.316] [Server thread/INFO] [net.minecraft.server.MinecraftServer/]: ThreadedAnvilChunkStorage: All dimensions are saved
[0110月2026 14:45:35.352] [Render thread/INFO] [ChunkBuilder/]: Stopping worker threads
[0110月2026 14:45:35.412] [Render thread/INFO] [team.lodestar.lodestone.LodestoneLib/]: Closed geometry program: lodestone:nineslice/nine_slice
[0110月2026 14:45:35.412] [Render thread/INFO] [team.lodestar.lodestone.LodestoneLib/]: Closed geometry program: lodestone:nineslice/distorted/distorted_nine_slice_texture
